******************************************************************************
                  TI ARM Linker Unix v5.2.5                    
******************************************************************************
>> Linked Tue Mar  8 16:49:32 2016

OUTPUT FILE NAME:   <linkedList.out>
ENTRY POINT SYMBOL: "_c_int00"  address: 0000316d


MEMORY CONFIGURATION

         name            origin    length      used     unused   attr    fill
----------------------  --------  ---------  --------  --------  ----  --------
  FLASH                 00000000   00040000  0000372d  0003c8d3  R  X
  SRAM                  20000000   00008000  00000ef8  00007108  RW X


SEGMENT ALLOCATION MAP

run origin  load origin   length   init length attrs members
----------  ----------- ---------- ----------- ----- -------
00000000    00000000    00003730   00003730    r-x
  00000000    00000000    0000026c   0000026c    r-- .intvecs
  0000026c    0000026c    000032f0   000032f0    r-x .text
  0000355c    0000355c    00000101   00000101    r-- .const
  00003660    00003660    000000d0   000000d0    r-- .cinit
20000000    20000000    00000ef8   00000000    rw-
  20000000    20000000    00000800   00000000    rw- .sysmem
  20000800    20000800    00000330   00000000    rw- .data
  20000b30    20000b30    00000200   00000000    rw- .stack
  20000d30    20000d30    000001c8   00000000    rw- .bss


SECTION ALLOCATION MAP

 output                                  attributes/
section   page    origin      length       input sections
--------  ----  ----------  ----------   ----------------
.intvecs   0    00000000    0000026c     
                  00000000    0000026c     tm4c123gh6pm_startup_ccs.obj (.intvecs)

.text      0    0000026c    000032f0     
                  0000026c    000010ba     rtsv7M4_T_le_v4SPD16_eabi.lib : _printfi.obj (.text)
                  00001326    00000002     --HOLE-- [fill = 0]
                  00001328    000003dc                                   : memory.obj (.text)
                  00001704    0000030c                                   : lowlev.obj (.text)
                  00001a10    000002d4                                   : trgdrv.obj (.text)
                  00001ce4    000001f4                                   : ull_div_t2.obj (.text)
                  00001ed8    000001c4                                   : fopen.obj (.text)
                  0000209c    000001b6                                   : fd_add_t2.obj (.text)
                  00002252    00000136                                   : fd_div_t2.obj (.text)
                  00002388    00000134                                   : fputs.obj (.text)
                  000024bc    0000011a     main.obj (.text)
                  000025d6    00000002     --HOLE-- [fill = 0]
                  000025d8    00000110     rtsv7M4_T_le_v4SPD16_eabi.lib : xdscale.obj (.text)
                  000026e8    000000fc                                   : fd_mul_t2.obj (.text)
                  000027e4    000000dc                                   : setvbuf.obj (.text)
                  000028c0    000000c8                                   : fflush.obj (.text)
                  00002988    000000be                                   : xdnorm.obj (.text)
                  00002a46    000000ac                                   : _io_perm.obj (.text)
                  00002af2    0000009c                                   : memcpy_t2.obj (.text)
                  00002b8e    00000002     --HOLE-- [fill = 0]
                  00002b90    00000098                                   : fclose.obj (.text)
                  00002c28    00000098                                   : fputc.obj (.text)
                  00002cc0    00000086                                   : fd_cmp_t2.obj (.text:__aeabi_cdcmple)
                  00002d46    00000086                                   : fd_cmp_t2.obj (.text:__aeabi_cdrcmple)
                  00002dcc    0000007a                                   : memset_t2.obj (.text)
                  00002e46    00000002     --HOLE-- [fill = 0]
                  00002e48    00000070                                   : printf.obj (.text)
                  00002eb8    0000006c                                   : autoinit.obj (.text)
                  00002f24    0000006a                                   : copy_decompress_rle.obj (.text)
                  00002f8e    00000002     --HOLE-- [fill = 0]
                  00002f90    00000068                                   : trgmsg.obj (.text)
                  00002ff8    00000066                                   : xdunscal.obj (.text)
                  0000305e    00000002     --HOLE-- [fill = 0]
                  00003060    00000064                                   : fseek.obj (.text)
                  000030c4    00000056                                   : ltoa.obj (.text)
                  0000311a    00000052                                   : ldexp.obj (.text)
                  0000316c    00000050                                   : boot.obj (.text)
                  000031bc    0000004c                                   : atoi.obj (.text)
                  00003208    0000004c                                   : cpy_tbl.obj (.text)
                  00003254    00000048                                   : fd_toi_t2.obj (.text)
                  0000329c    00000044                                   : exit.obj (.text)
                  000032e0    00000040                                   : signal.obj (.text)
                  00003320    00000034                                   : feraiseexcept.obj (.text)
                  00003354    00000030                                   : strncpy.obj (.text)
                  00003384    00000030                                   : xdclass.obj (.text)
                  000033b4    00000030                                   : xferaise.obj (.text)
                  000033e4    0000002e                                   : i_tofd_t2.obj (.text)
                  00003412    0000002e                                   : raise.obj (.text)
                  00003440    0000002a                                   : frexp.obj (.text)
                  0000346a    00000020                                   : memchr.obj (.text)
                  0000348a    0000001c                                   : memccpy.obj (.text)
                  000034a6    00000002     --HOLE-- [fill = 0]
                  000034a8    00000018                                   : args_main.obj (.text)
                  000034c0    00000018                                   : strcmp.obj (.text)
                  000034d8    00000016                                   : strchr.obj (.text)
                  000034ee    00000002     --HOLE-- [fill = 0]
                  000034f0    00000014                                   : _lock.obj (.text)
                  00003504    00000014                                   : strcpy.obj (.text)
                  00003518    00000014                                   : strlen.obj (.text)
                  0000352c    0000000e                                   : copy_decompress_none.obj (.text:decompress:none)
                  0000353a    0000000c                                   : copy_zero_init.obj (.text:decompress:ZI)
                  00003546    0000000c     tm4c123gh6pm_startup_ccs.obj (.text)
                  00003552    00000006     rtsv7M4_T_le_v4SPD16_eabi.lib : copy_decompress_rle.obj (.text:decompress:rle24)
                  00003558    00000004                                   : pre_init.obj (.text)

.const     0    0000355c    00000101     
                  0000355c    00000101     rtsv7M4_T_le_v4SPD16_eabi.lib : ctype.obj (.const:.string:_ctypes_)

.cinit     0    00003660    000000d0     
                  00003660    000000a6     (.cinit..data.load) [load image, compression = rle]
                  00003706    00000002     --HOLE-- [fill = 0]
                  00003708    0000000c     (__TI_handler_table)
                  00003714    00000004     --HOLE-- [fill = 0]
                  00003718    00000008     (.cinit..bss.load) [load image, compression = zero_init]
                  00003720    00000010     (__TI_cinit_table)

.init_array 
*          0    00000000    00000000     UNINITIALIZED

.sysmem    0    20000000    00000800     UNINITIALIZED
                  20000000    00000008     rtsv7M4_T_le_v4SPD16_eabi.lib : memory.obj (.sysmem)
                  20000008    000007f8     --HOLE--

.data      0    20000800    00000330     UNINITIALIZED
                  20000800    000000f0     rtsv7M4_T_le_v4SPD16_eabi.lib : defs.obj (.data:_ftable)
                  200008f0    000000d0                                   : lowlev.obj (.data)
                  200009c0    000000b0                                   : signal.obj (.data:sigtable)
                  20000a70    00000080                                   : xvalues.obj (.data)
                  20000af0    00000010                                   : defs.obj (.data)
                  20000b00    0000000c                                   : memory.obj (.data)
                  20000b0c    00000008                                   : _lock.obj (.data)
                  20000b14    00000008                                   : exit.obj (.data)
                  20000b1c    00000008                                   : feraiseexcept.obj (.data)
                  20000b24    00000004                                   : errno.obj (.data)
                  20000b28    00000004                                   : fopen.obj (.data)
                  20000b2c    00000004                                   : stkdepth_vars.obj (.data)

.TI.persistent 
*          0    20000800    00000000     UNINITIALIZED

.stack     0    20000b30    00000200     UNINITIALIZED
                  20000b30    00000200     --HOLE--

.bss       0    20000d30    000001c8     UNINITIALIZED
                  20000d30    00000120     rtsv7M4_T_le_v4SPD16_eabi.lib : trgmsg.obj (.bss:__CIOBUF_)
                  20000e50    000000a0                                   : defs.obj (.bss:__TI_tmpnams)
                  20000ef0    00000008     (.common:parmbuf)

.TI.noinit 
*          0    20000d30    00000000     UNINITIALIZED


LINKER GENERATED COPY TABLES

__TI_cinit_table @ 00003720 records: 2, size/record: 8, table size: 16
	.data: load addr=00003660, load size=000000a6 bytes, run addr=20000800, run size=00000330 bytes, compression=rle
	.bss: load addr=00003718, load size=00000008 bytes, run addr=20000d30, run size=000001c8 bytes, compression=zero_init


LINKER GENERATED HANDLER TABLE

__TI_handler_table @ 00003708 records: 3, size/record: 4, table size: 12
	index: 0, handler: __TI_decompress_rle24
	index: 1, handler: __TI_decompress_none
	index: 2, handler: __TI_zero_init


GLOBAL SYMBOLS: SORTED ALPHABETICALLY BY Name 

address   name                    
-------   ----                    
0000329d  C$$EXIT                 
00002fbf  C$$IO$$                 
00001c9d  HOSTclock               
00001c65  HOSTclose               
00001c27  HOSTgetenv              
00001bcb  HOSTlseek               
00001b79  HOSTopen                
00001b2d  HOSTread                
00001acf  HOSTrename              
00001a95  HOSTtime                
00001a5d  HOSTunlink              
00001a11  HOSTwrite               
00003547  ResetISR                
UNDEFED   SHT$$INIT_ARRAY$$Base   
UNDEFED   SHT$$INIT_ARRAY$$Limit  
00003385  _Dclass                 
20000a70  _Denorm                 
00002989  _Dnorm                  
000025d9  _Dscale                 
00002ff9  _Dunscale               
20000a80  _Eps                    
20000b24  _Errno                  
20000b1c  _Fenv                   
000033b5  _Feraise                
20000a90  _Hugeval                
20000aa0  _Inf                    
20000ab0  _Nan                    
20000ad0  _Rteps                  
20000ac0  _Snan                   
20000b20  _Tls_setup__Fenv        
20000ae0  _Xbig                   
20000ae8  _Zero                   
20000d30  __CIOBUF_               
20000d30  __STACK_END             
00000200  __STACK_SIZE            
20000d30  __STACK_TOP             
00000800  __SYSMEM_SIZE           
00003720  __TI_CINIT_Base         
00003730  __TI_CINIT_Limit        
00003708  __TI_Handler_Table_Base 
00003714  __TI_Handler_Table_Limit
00002eb9  __TI_auto_init          
00001fa1  __TI_cleanup            
20000b14  __TI_cleanup_ptr        
00002b91  __TI_closefile          
0000352d  __TI_decompress_none    
00003553  __TI_decompress_rle24   
000028c1  __TI_doflush            
20000b18  __TI_dtors_ptr          
20000af0  __TI_ft_end             
00001021  __TI_printfi            
00002aa9  __TI_rd_ok              
00002fc3  __TI_readmsg            
00000000  __TI_static_base__      
20000e50  __TI_tmpnams            
00002f91  __TI_writemsg           
00002a47  __TI_wrt_ok             
0000353b  __TI_zero_init          
00002cc1  __aeabi_cdcmpeq         
00002cc1  __aeabi_cdcmple         
00002d47  __aeabi_cdrcmple        
00003255  __aeabi_d2iz            
000020a7  __aeabi_dadd            
00002253  __aeabi_ddiv            
000026e9  __aeabi_dmul            
0000209d  __aeabi_dsub            
000033e5  __aeabi_i2d             
00002dcd  __aeabi_memclr          
00002dcd  __aeabi_memclr4         
00002dcd  __aeabi_memclr8         
00002af3  __aeabi_memcpy          
00002af3  __aeabi_memcpy4         
00002af3  __aeabi_memcpy8         
00002dcf  __aeabi_memset          
00002dcf  __aeabi_memset4         
00002dcf  __aeabi_memset8         
20000afc  __aeabi_stderr          
20000af4  __aeabi_stdin           
20000af8  __aeabi_stdout          
00001ce5  __aeabi_uldivmod        
ffffffff  __binit__               
ffffffff  __c_args__              
20000b30  __stack                 
000034a9  _args_main              
0000316d  _c_int00                
0000355c  _ctypes_                
20000800  _ftable                 
20000b0c  _lock                   
000034ff  _nop                    
000034f7  _register_lock          
000034f1  _register_unlock        
20000000  _sys_memory             
00003559  _system_pre_init        
20000b10  _unlock                 
000032a1  abort                   
00001965  add_device              
000031bd  atoi                    
ffffffff  binit                   
000016d1  calloc                  
00001915  close                   
00003209  copy_in                 
000032a9  exit                    
00002bf7  fclose                  
00003321  feraiseexcept           
0000290d  fflush                  
00001ff7  fopen                   
00002c29  fputc                   
00002389  fputs                   
0000141f  free                    
00001fcd  freopen                 
00003441  frexp                   
00003061  fseek                   
00000000  g_pfnVectors            
0000311b  ldexp                   
000018f1  lseek                   
000030c5  ltoa                    
00002533  main                    
20000b2c  main_func_sp            
000013b7  malloc                  
000015ed  memalign                
0000348b  memccpy                 
0000346b  memchr                  
00002af3  memcpy                  
00002dd5  memset                  
00001329  minit                   
00001843  open                    
00002e51  printf                  
00002c29  putc                    
00002cad  putchar                 
00002495  puts                    
00003413  raise                   
0000181f  read                    
000014e1  realloc                 
00001795  remove                  
000017f7  remove_device           
000017b9  rename                  
000027e5  setvbuf                 
000032e1  signal                  
000034d9  strchr                  
000034c1  strcmp                  
00003505  strcpy                  
00003519  strlen                  
00003355  strncpy                 
00001795  unlink                  
00001705  write                   


GLOBAL SYMBOLS: SORTED BY Symbol Address 

address   name                    
-------   ----                    
00000000  __TI_static_base__      
00000000  g_pfnVectors            
00000200  __STACK_SIZE            
00000800  __SYSMEM_SIZE           
00001021  __TI_printfi            
00001329  minit                   
000013b7  malloc                  
0000141f  free                    
000014e1  realloc                 
000015ed  memalign                
000016d1  calloc                  
00001705  write                   
00001795  remove                  
00001795  unlink                  
000017b9  rename                  
000017f7  remove_device           
0000181f  read                    
00001843  open                    
000018f1  lseek                   
00001915  close                   
00001965  add_device              
00001a11  HOSTwrite               
00001a5d  HOSTunlink              
00001a95  HOSTtime                
00001acf  HOSTrename              
00001b2d  HOSTread                
00001b79  HOSTopen                
00001bcb  HOSTlseek               
00001c27  HOSTgetenv              
00001c65  HOSTclose               
00001c9d  HOSTclock               
00001ce5  __aeabi_uldivmod        
00001fa1  __TI_cleanup            
00001fcd  freopen                 
00001ff7  fopen                   
0000209d  __aeabi_dsub            
000020a7  __aeabi_dadd            
00002253  __aeabi_ddiv            
00002389  fputs                   
00002495  puts                    
00002533  main                    
000025d9  _Dscale                 
000026e9  __aeabi_dmul            
000027e5  setvbuf                 
000028c1  __TI_doflush            
0000290d  fflush                  
00002989  _Dnorm                  
00002a47  __TI_wrt_ok             
00002aa9  __TI_rd_ok              
00002af3  __aeabi_memcpy          
00002af3  __aeabi_memcpy4         
00002af3  __aeabi_memcpy8         
00002af3  memcpy                  
00002b91  __TI_closefile          
00002bf7  fclose                  
00002c29  fputc                   
00002c29  putc                    
00002cad  putchar                 
00002cc1  __aeabi_cdcmpeq         
00002cc1  __aeabi_cdcmple         
00002d47  __aeabi_cdrcmple        
00002dcd  __aeabi_memclr          
00002dcd  __aeabi_memclr4         
00002dcd  __aeabi_memclr8         
00002dcf  __aeabi_memset          
00002dcf  __aeabi_memset4         
00002dcf  __aeabi_memset8         
00002dd5  memset                  
00002e51  printf                  
00002eb9  __TI_auto_init          
00002f91  __TI_writemsg           
00002fbf  C$$IO$$                 
00002fc3  __TI_readmsg            
00002ff9  _Dunscale               
00003061  fseek                   
000030c5  ltoa                    
0000311b  ldexp                   
0000316d  _c_int00                
000031bd  atoi                    
00003209  copy_in                 
00003255  __aeabi_d2iz            
0000329d  C$$EXIT                 
000032a1  abort                   
000032a9  exit                    
000032e1  signal                  
00003321  feraiseexcept           
00003355  strncpy                 
00003385  _Dclass                 
000033b5  _Feraise                
000033e5  __aeabi_i2d             
00003413  raise                   
00003441  frexp                   
0000346b  memchr                  
0000348b  memccpy                 
000034a9  _args_main              
000034c1  strcmp                  
000034d9  strchr                  
000034f1  _register_unlock        
000034f7  _register_lock          
000034ff  _nop                    
00003505  strcpy                  
00003519  strlen                  
0000352d  __TI_decompress_none    
0000353b  __TI_zero_init          
00003547  ResetISR                
00003553  __TI_decompress_rle24   
00003559  _system_pre_init        
0000355c  _ctypes_                
00003708  __TI_Handler_Table_Base 
00003714  __TI_Handler_Table_Limit
00003720  __TI_CINIT_Base         
00003730  __TI_CINIT_Limit        
20000000  _sys_memory             
20000800  _ftable                 
20000a70  _Denorm                 
20000a80  _Eps                    
20000a90  _Hugeval                
20000aa0  _Inf                    
20000ab0  _Nan                    
20000ac0  _Snan                   
20000ad0  _Rteps                  
20000ae0  _Xbig                   
20000ae8  _Zero                   
20000af0  __TI_ft_end             
20000af4  __aeabi_stdin           
20000af8  __aeabi_stdout          
20000afc  __aeabi_stderr          
20000b0c  _lock                   
20000b10  _unlock                 
20000b14  __TI_cleanup_ptr        
20000b18  __TI_dtors_ptr          
20000b1c  _Fenv                   
20000b20  _Tls_setup__Fenv        
20000b24  _Errno                  
20000b2c  main_func_sp            
20000b30  __stack                 
20000d30  __CIOBUF_               
20000d30  __STACK_END             
20000d30  __STACK_TOP             
20000e50  __TI_tmpnams            
ffffffff  __binit__               
ffffffff  __c_args__              
ffffffff  binit                   
UNDEFED   SHT$$INIT_ARRAY$$Base   
UNDEFED   SHT$$INIT_ARRAY$$Limit  

[145 symbols]
