<?xml version="1.0"?>
<link_info>
   <banner>TI ARM Linker Unix v5.2.5</banner>
   <copyright>Copyright (c) 1996-2015 Texas Instruments Incorporated</copyright>
   <link_time>0x56def48c</link_time>
   <link_errors>0x0</link_errors>
   <output_file>linkedList.out</output_file>
   <entry_point>
      <name>_c_int00</name>
      <address>0x316d</address>
   </entry_point>
   <input_file_list>
      <input_file id="fl-2">
         <path>./</path>
         <kind>object</kind>
         <file>main.obj</file>
         <name>main.obj</name>
      </input_file>
      <input_file id="fl-3">
         <path>./</path>
         <kind>object</kind>
         <file>tm4c123gh6pm_startup_ccs.obj</file>
         <name>tm4c123gh6pm_startup_ccs.obj</name>
      </input_file>
      <input_file id="fl-12a">
         <path>/home/scraptop/ti/ccsv6/tools/compiler/ti-cgt-arm_5.2.5/lib/</path>
         <kind>archive</kind>
         <file>rtsv7M4_T_le_v4SPD16_eabi.lib</file>
         <name>boot.obj</name>
      </input_file>
      <input_file id="fl-12b">
         <path>/home/scraptop/ti/ccsv6/tools/compiler/ti-cgt-arm_5.2.5/lib/</path>
         <kind>archive</kind>
         <file>rtsv7M4_T_le_v4SPD16_eabi.lib</file>
         <name>copy_decompress_none.obj</name>
      </input_file>
      <input_file id="fl-12c">
         <path>/home/scraptop/ti/ccsv6/tools/compiler/ti-cgt-arm_5.2.5/lib/</path>
         <kind>archive</kind>
         <file>rtsv7M4_T_le_v4SPD16_eabi.lib</file>
         <name>copy_decompress_rle.obj</name>
      </input_file>
      <input_file id="fl-12d">
         <path>/home/scraptop/ti/ccsv6/tools/compiler/ti-cgt-arm_5.2.5/lib/</path>
         <kind>archive</kind>
         <file>rtsv7M4_T_le_v4SPD16_eabi.lib</file>
         <name>copy_zero_init.obj</name>
      </input_file>
      <input_file id="fl-12e">
         <path>/home/scraptop/ti/ccsv6/tools/compiler/ti-cgt-arm_5.2.5/lib/</path>
         <kind>archive</kind>
         <file>rtsv7M4_T_le_v4SPD16_eabi.lib</file>
         <name>exit.obj</name>
      </input_file>
      <input_file id="fl-12f">
         <path>/home/scraptop/ti/ccsv6/tools/compiler/ti-cgt-arm_5.2.5/lib/</path>
         <kind>archive</kind>
         <file>rtsv7M4_T_le_v4SPD16_eabi.lib</file>
         <name>fputs.obj</name>
      </input_file>
      <input_file id="fl-130">
         <path>/home/scraptop/ti/ccsv6/tools/compiler/ti-cgt-arm_5.2.5/lib/</path>
         <kind>archive</kind>
         <file>rtsv7M4_T_le_v4SPD16_eabi.lib</file>
         <name>lowlev.obj</name>
      </input_file>
      <input_file id="fl-131">
         <path>/home/scraptop/ti/ccsv6/tools/compiler/ti-cgt-arm_5.2.5/lib/</path>
         <kind>archive</kind>
         <file>rtsv7M4_T_le_v4SPD16_eabi.lib</file>
         <name>memchr.obj</name>
      </input_file>
      <input_file id="fl-132">
         <path>/home/scraptop/ti/ccsv6/tools/compiler/ti-cgt-arm_5.2.5/lib/</path>
         <kind>archive</kind>
         <file>rtsv7M4_T_le_v4SPD16_eabi.lib</file>
         <name>memcpy_t2.obj</name>
      </input_file>
      <input_file id="fl-133">
         <path>/home/scraptop/ti/ccsv6/tools/compiler/ti-cgt-arm_5.2.5/lib/</path>
         <kind>archive</kind>
         <file>rtsv7M4_T_le_v4SPD16_eabi.lib</file>
         <name>memory.obj</name>
      </input_file>
      <input_file id="fl-134">
         <path>/home/scraptop/ti/ccsv6/tools/compiler/ti-cgt-arm_5.2.5/lib/</path>
         <kind>archive</kind>
         <file>rtsv7M4_T_le_v4SPD16_eabi.lib</file>
         <name>memset_t2.obj</name>
      </input_file>
      <input_file id="fl-135">
         <path>/home/scraptop/ti/ccsv6/tools/compiler/ti-cgt-arm_5.2.5/lib/</path>
         <kind>archive</kind>
         <file>rtsv7M4_T_le_v4SPD16_eabi.lib</file>
         <name>pre_init.obj</name>
      </input_file>
      <input_file id="fl-136">
         <path>/home/scraptop/ti/ccsv6/tools/compiler/ti-cgt-arm_5.2.5/lib/</path>
         <kind>archive</kind>
         <file>rtsv7M4_T_le_v4SPD16_eabi.lib</file>
         <name>printf.obj</name>
      </input_file>
      <input_file id="fl-137">
         <path>/home/scraptop/ti/ccsv6/tools/compiler/ti-cgt-arm_5.2.5/lib/</path>
         <kind>archive</kind>
         <file>rtsv7M4_T_le_v4SPD16_eabi.lib</file>
         <name>stkdepth_vars.obj</name>
      </input_file>
      <input_file id="fl-138">
         <path>/home/scraptop/ti/ccsv6/tools/compiler/ti-cgt-arm_5.2.5/lib/</path>
         <kind>archive</kind>
         <file>rtsv7M4_T_le_v4SPD16_eabi.lib</file>
         <name>strchr.obj</name>
      </input_file>
      <input_file id="fl-139">
         <path>/home/scraptop/ti/ccsv6/tools/compiler/ti-cgt-arm_5.2.5/lib/</path>
         <kind>archive</kind>
         <file>rtsv7M4_T_le_v4SPD16_eabi.lib</file>
         <name>strcmp.obj</name>
      </input_file>
      <input_file id="fl-13a">
         <path>/home/scraptop/ti/ccsv6/tools/compiler/ti-cgt-arm_5.2.5/lib/</path>
         <kind>archive</kind>
         <file>rtsv7M4_T_le_v4SPD16_eabi.lib</file>
         <name>strlen.obj</name>
      </input_file>
      <input_file id="fl-13b">
         <path>/home/scraptop/ti/ccsv6/tools/compiler/ti-cgt-arm_5.2.5/lib/</path>
         <kind>archive</kind>
         <file>rtsv7M4_T_le_v4SPD16_eabi.lib</file>
         <name>strncpy.obj</name>
      </input_file>
      <input_file id="fl-13c">
         <path>/home/scraptop/ti/ccsv6/tools/compiler/ti-cgt-arm_5.2.5/lib/</path>
         <kind>archive</kind>
         <file>rtsv7M4_T_le_v4SPD16_eabi.lib</file>
         <name>trgdrv.obj</name>
      </input_file>
      <input_file id="fl-13d">
         <path>/home/scraptop/ti/ccsv6/tools/compiler/ti-cgt-arm_5.2.5/lib/</path>
         <kind>archive</kind>
         <file>rtsv7M4_T_le_v4SPD16_eabi.lib</file>
         <name>trgmsg.obj</name>
      </input_file>
      <input_file id="fl-13e">
         <path>/home/scraptop/ti/ccsv6/tools/compiler/ti-cgt-arm_5.2.5/lib/</path>
         <kind>archive</kind>
         <file>rtsv7M4_T_le_v4SPD16_eabi.lib</file>
         <name>_io_perm.obj</name>
      </input_file>
      <input_file id="fl-13f">
         <path>/home/scraptop/ti/ccsv6/tools/compiler/ti-cgt-arm_5.2.5/lib/</path>
         <kind>archive</kind>
         <file>rtsv7M4_T_le_v4SPD16_eabi.lib</file>
         <name>_lock.obj</name>
      </input_file>
      <input_file id="fl-140">
         <path>/home/scraptop/ti/ccsv6/tools/compiler/ti-cgt-arm_5.2.5/lib/</path>
         <kind>archive</kind>
         <file>rtsv7M4_T_le_v4SPD16_eabi.lib</file>
         <name>_printfi.obj</name>
      </input_file>
      <input_file id="fl-141">
         <path>/home/scraptop/ti/ccsv6/tools/compiler/ti-cgt-arm_5.2.5/lib/</path>
         <kind>archive</kind>
         <file>rtsv7M4_T_le_v4SPD16_eabi.lib</file>
         <name>args_main.obj</name>
      </input_file>
      <input_file id="fl-142">
         <path>/home/scraptop/ti/ccsv6/tools/compiler/ti-cgt-arm_5.2.5/lib/</path>
         <kind>archive</kind>
         <file>rtsv7M4_T_le_v4SPD16_eabi.lib</file>
         <name>atoi.obj</name>
      </input_file>
      <input_file id="fl-143">
         <path>/home/scraptop/ti/ccsv6/tools/compiler/ti-cgt-arm_5.2.5/lib/</path>
         <kind>archive</kind>
         <file>rtsv7M4_T_le_v4SPD16_eabi.lib</file>
         <name>autoinit.obj</name>
      </input_file>
      <input_file id="fl-144">
         <path>/home/scraptop/ti/ccsv6/tools/compiler/ti-cgt-arm_5.2.5/lib/</path>
         <kind>archive</kind>
         <file>rtsv7M4_T_le_v4SPD16_eabi.lib</file>
         <name>cpy_tbl.obj</name>
      </input_file>
      <input_file id="fl-145">
         <path>/home/scraptop/ti/ccsv6/tools/compiler/ti-cgt-arm_5.2.5/lib/</path>
         <kind>archive</kind>
         <file>rtsv7M4_T_le_v4SPD16_eabi.lib</file>
         <name>ctype.obj</name>
      </input_file>
      <input_file id="fl-146">
         <path>/home/scraptop/ti/ccsv6/tools/compiler/ti-cgt-arm_5.2.5/lib/</path>
         <kind>archive</kind>
         <file>rtsv7M4_T_le_v4SPD16_eabi.lib</file>
         <name>defs.obj</name>
      </input_file>
      <input_file id="fl-147">
         <path>/home/scraptop/ti/ccsv6/tools/compiler/ti-cgt-arm_5.2.5/lib/</path>
         <kind>archive</kind>
         <file>rtsv7M4_T_le_v4SPD16_eabi.lib</file>
         <name>fd_add_t2.obj</name>
      </input_file>
      <input_file id="fl-148">
         <path>/home/scraptop/ti/ccsv6/tools/compiler/ti-cgt-arm_5.2.5/lib/</path>
         <kind>archive</kind>
         <file>rtsv7M4_T_le_v4SPD16_eabi.lib</file>
         <name>fd_cmp_t2.obj</name>
      </input_file>
      <input_file id="fl-149">
         <path>/home/scraptop/ti/ccsv6/tools/compiler/ti-cgt-arm_5.2.5/lib/</path>
         <kind>archive</kind>
         <file>rtsv7M4_T_le_v4SPD16_eabi.lib</file>
         <name>fd_div_t2.obj</name>
      </input_file>
      <input_file id="fl-14a">
         <path>/home/scraptop/ti/ccsv6/tools/compiler/ti-cgt-arm_5.2.5/lib/</path>
         <kind>archive</kind>
         <file>rtsv7M4_T_le_v4SPD16_eabi.lib</file>
         <name>fd_mul_t2.obj</name>
      </input_file>
      <input_file id="fl-14b">
         <path>/home/scraptop/ti/ccsv6/tools/compiler/ti-cgt-arm_5.2.5/lib/</path>
         <kind>archive</kind>
         <file>rtsv7M4_T_le_v4SPD16_eabi.lib</file>
         <name>fd_toi_t2.obj</name>
      </input_file>
      <input_file id="fl-14c">
         <path>/home/scraptop/ti/ccsv6/tools/compiler/ti-cgt-arm_5.2.5/lib/</path>
         <kind>archive</kind>
         <file>rtsv7M4_T_le_v4SPD16_eabi.lib</file>
         <name>fflush.obj</name>
      </input_file>
      <input_file id="fl-14d">
         <path>/home/scraptop/ti/ccsv6/tools/compiler/ti-cgt-arm_5.2.5/lib/</path>
         <kind>archive</kind>
         <file>rtsv7M4_T_le_v4SPD16_eabi.lib</file>
         <name>fputc.obj</name>
      </input_file>
      <input_file id="fl-14e">
         <path>/home/scraptop/ti/ccsv6/tools/compiler/ti-cgt-arm_5.2.5/lib/</path>
         <kind>archive</kind>
         <file>rtsv7M4_T_le_v4SPD16_eabi.lib</file>
         <name>frexp.obj</name>
      </input_file>
      <input_file id="fl-14f">
         <path>/home/scraptop/ti/ccsv6/tools/compiler/ti-cgt-arm_5.2.5/lib/</path>
         <kind>archive</kind>
         <file>rtsv7M4_T_le_v4SPD16_eabi.lib</file>
         <name>fseek.obj</name>
      </input_file>
      <input_file id="fl-150">
         <path>/home/scraptop/ti/ccsv6/tools/compiler/ti-cgt-arm_5.2.5/lib/</path>
         <kind>archive</kind>
         <file>rtsv7M4_T_le_v4SPD16_eabi.lib</file>
         <name>i_tofd_t2.obj</name>
      </input_file>
      <input_file id="fl-151">
         <path>/home/scraptop/ti/ccsv6/tools/compiler/ti-cgt-arm_5.2.5/lib/</path>
         <kind>archive</kind>
         <file>rtsv7M4_T_le_v4SPD16_eabi.lib</file>
         <name>ldexp.obj</name>
      </input_file>
      <input_file id="fl-152">
         <path>/home/scraptop/ti/ccsv6/tools/compiler/ti-cgt-arm_5.2.5/lib/</path>
         <kind>archive</kind>
         <file>rtsv7M4_T_le_v4SPD16_eabi.lib</file>
         <name>ltoa.obj</name>
      </input_file>
      <input_file id="fl-153">
         <path>/home/scraptop/ti/ccsv6/tools/compiler/ti-cgt-arm_5.2.5/lib/</path>
         <kind>archive</kind>
         <file>rtsv7M4_T_le_v4SPD16_eabi.lib</file>
         <name>memccpy.obj</name>
      </input_file>
      <input_file id="fl-154">
         <path>/home/scraptop/ti/ccsv6/tools/compiler/ti-cgt-arm_5.2.5/lib/</path>
         <kind>archive</kind>
         <file>rtsv7M4_T_le_v4SPD16_eabi.lib</file>
         <name>setvbuf.obj</name>
      </input_file>
      <input_file id="fl-155">
         <path>/home/scraptop/ti/ccsv6/tools/compiler/ti-cgt-arm_5.2.5/lib/</path>
         <kind>archive</kind>
         <file>rtsv7M4_T_le_v4SPD16_eabi.lib</file>
         <name>strcpy.obj</name>
      </input_file>
      <input_file id="fl-156">
         <path>/home/scraptop/ti/ccsv6/tools/compiler/ti-cgt-arm_5.2.5/lib/</path>
         <kind>archive</kind>
         <file>rtsv7M4_T_le_v4SPD16_eabi.lib</file>
         <name>ull_div_t2.obj</name>
      </input_file>
      <input_file id="fl-157">
         <path>/home/scraptop/ti/ccsv6/tools/compiler/ti-cgt-arm_5.2.5/lib/</path>
         <kind>archive</kind>
         <file>rtsv7M4_T_le_v4SPD16_eabi.lib</file>
         <name>xdclass.obj</name>
      </input_file>
      <input_file id="fl-158">
         <path>/home/scraptop/ti/ccsv6/tools/compiler/ti-cgt-arm_5.2.5/lib/</path>
         <kind>archive</kind>
         <file>rtsv7M4_T_le_v4SPD16_eabi.lib</file>
         <name>xdscale.obj</name>
      </input_file>
      <input_file id="fl-159">
         <path>/home/scraptop/ti/ccsv6/tools/compiler/ti-cgt-arm_5.2.5/lib/</path>
         <kind>archive</kind>
         <file>rtsv7M4_T_le_v4SPD16_eabi.lib</file>
         <name>xdunscal.obj</name>
      </input_file>
      <input_file id="fl-15a">
         <path>/home/scraptop/ti/ccsv6/tools/compiler/ti-cgt-arm_5.2.5/lib/</path>
         <kind>archive</kind>
         <file>rtsv7M4_T_le_v4SPD16_eabi.lib</file>
         <name>xferaise.obj</name>
      </input_file>
      <input_file id="fl-15b">
         <path>/home/scraptop/ti/ccsv6/tools/compiler/ti-cgt-arm_5.2.5/lib/</path>
         <kind>archive</kind>
         <file>rtsv7M4_T_le_v4SPD16_eabi.lib</file>
         <name>xvalues.obj</name>
      </input_file>
      <input_file id="fl-15c">
         <path>/home/scraptop/ti/ccsv6/tools/compiler/ti-cgt-arm_5.2.5/lib/</path>
         <kind>archive</kind>
         <file>rtsv7M4_T_le_v4SPD16_eabi.lib</file>
         <name>errno.obj</name>
      </input_file>
      <input_file id="fl-15d">
         <path>/home/scraptop/ti/ccsv6/tools/compiler/ti-cgt-arm_5.2.5/lib/</path>
         <kind>archive</kind>
         <file>rtsv7M4_T_le_v4SPD16_eabi.lib</file>
         <name>feraiseexcept.obj</name>
      </input_file>
      <input_file id="fl-15e">
         <path>/home/scraptop/ti/ccsv6/tools/compiler/ti-cgt-arm_5.2.5/lib/</path>
         <kind>archive</kind>
         <file>rtsv7M4_T_le_v4SPD16_eabi.lib</file>
         <name>fopen.obj</name>
      </input_file>
      <input_file id="fl-15f">
         <path>/home/scraptop/ti/ccsv6/tools/compiler/ti-cgt-arm_5.2.5/lib/</path>
         <kind>archive</kind>
         <file>rtsv7M4_T_le_v4SPD16_eabi.lib</file>
         <name>raise.obj</name>
      </input_file>
      <input_file id="fl-160">
         <path>/home/scraptop/ti/ccsv6/tools/compiler/ti-cgt-arm_5.2.5/lib/</path>
         <kind>archive</kind>
         <file>rtsv7M4_T_le_v4SPD16_eabi.lib</file>
         <name>signal.obj</name>
      </input_file>
      <input_file id="fl-161">
         <path>/home/scraptop/ti/ccsv6/tools/compiler/ti-cgt-arm_5.2.5/lib/</path>
         <kind>archive</kind>
         <file>rtsv7M4_T_le_v4SPD16_eabi.lib</file>
         <name>xdnorm.obj</name>
      </input_file>
      <input_file id="fl-162">
         <path>/home/scraptop/ti/ccsv6/tools/compiler/ti-cgt-arm_5.2.5/lib/</path>
         <kind>archive</kind>
         <file>rtsv7M4_T_le_v4SPD16_eabi.lib</file>
         <name>fclose.obj</name>
      </input_file>
      <input_file id="fl-163">
         <path>/home/scraptop/ti/ccsv6/tools/compiler/ti-cgt-arm_5.2.5/lib/</path>
         <kind>archive</kind>
         <file>rtsv7M4_T_le_v4SPD16_eabi.lib</file>
         <name>remove.obj</name>
      </input_file>
   </input_file_list>
   <object_component_list>
      <object_component id="oc-f">
         <name>.intvecs</name>
         <load_address>0x0</load_address>
         <run_address>0x0</run_address>
         <size>0x26c</size>
         <input_file_ref idref="fl-3"/>
      </object_component>
      <object_component id="oc-10b">
         <name>.text</name>
         <load_address>0x26c</load_address>
         <run_address>0x26c</run_address>
         <size>0x10ba</size>
         <input_file_ref idref="fl-140"/>
      </object_component>
      <object_component id="oc-d1">
         <name>.text</name>
         <load_address>0x1328</load_address>
         <run_address>0x1328</run_address>
         <size>0x3dc</size>
         <input_file_ref idref="fl-133"/>
      </object_component>
      <object_component id="oc-133">
         <name>.text</name>
         <load_address>0x1704</load_address>
         <run_address>0x1704</run_address>
         <size>0x30c</size>
         <input_file_ref idref="fl-130"/>
      </object_component>
      <object_component id="oc-23e">
         <name>.text</name>
         <load_address>0x1a10</load_address>
         <run_address>0x1a10</run_address>
         <size>0x2d4</size>
         <input_file_ref idref="fl-13c"/>
      </object_component>
      <object_component id="oc-14e">
         <name>.text</name>
         <load_address>0x1ce4</load_address>
         <run_address>0x1ce4</run_address>
         <size>0x1f4</size>
         <input_file_ref idref="fl-156"/>
      </object_component>
      <object_component id="oc-223">
         <name>.text</name>
         <load_address>0x1ed8</load_address>
         <run_address>0x1ed8</run_address>
         <size>0x1c4</size>
         <input_file_ref idref="fl-15e"/>
      </object_component>
      <object_component id="oc-177">
         <name>.text</name>
         <load_address>0x209c</load_address>
         <run_address>0x209c</run_address>
         <size>0x1b6</size>
         <input_file_ref idref="fl-147"/>
      </object_component>
      <object_component id="oc-15d">
         <name>.text</name>
         <load_address>0x2252</load_address>
         <run_address>0x2252</run_address>
         <size>0x136</size>
         <input_file_ref idref="fl-149"/>
      </object_component>
      <object_component id="oc-dd">
         <name>.text</name>
         <load_address>0x2388</load_address>
         <run_address>0x2388</run_address>
         <size>0x134</size>
         <input_file_ref idref="fl-12f"/>
      </object_component>
      <object_component id="oc-a4">
         <name>.text</name>
         <load_address>0x24bc</load_address>
         <run_address>0x24bc</run_address>
         <size>0x11a</size>
         <input_file_ref idref="fl-2"/>
      </object_component>
      <object_component id="oc-1ff">
         <name>.text</name>
         <load_address>0x25d8</load_address>
         <run_address>0x25d8</run_address>
         <size>0x110</size>
         <input_file_ref idref="fl-158"/>
      </object_component>
      <object_component id="oc-158">
         <name>.text</name>
         <load_address>0x26e8</load_address>
         <run_address>0x26e8</run_address>
         <size>0xfc</size>
         <input_file_ref idref="fl-14a"/>
      </object_component>
      <object_component id="oc-1c1">
         <name>.text</name>
         <load_address>0x27e4</load_address>
         <run_address>0x27e4</run_address>
         <size>0xdc</size>
         <input_file_ref idref="fl-154"/>
      </object_component>
      <object_component id="oc-12d">
         <name>.text</name>
         <load_address>0x28c0</load_address>
         <run_address>0x28c0</run_address>
         <size>0xc8</size>
         <input_file_ref idref="fl-14c"/>
      </object_component>
      <object_component id="oc-24f">
         <name>.text</name>
         <load_address>0x2988</load_address>
         <run_address>0x2988</run_address>
         <size>0xbe</size>
         <input_file_ref idref="fl-161"/>
      </object_component>
      <object_component id="oc-11b">
         <name>.text</name>
         <load_address>0x2a46</load_address>
         <run_address>0x2a46</run_address>
         <size>0xac</size>
         <input_file_ref idref="fl-13e"/>
      </object_component>
      <object_component id="oc-36">
         <name>.text</name>
         <load_address>0x2af2</load_address>
         <run_address>0x2af2</run_address>
         <size>0x9c</size>
         <input_file_ref idref="fl-132"/>
      </object_component>
      <object_component id="oc-277">
         <name>.text</name>
         <load_address>0x2b90</load_address>
         <run_address>0x2b90</run_address>
         <size>0x98</size>
         <input_file_ref idref="fl-162"/>
      </object_component>
      <object_component id="oc-105">
         <name>.text</name>
         <load_address>0x2c28</load_address>
         <run_address>0x2c28</run_address>
         <size>0x98</size>
         <input_file_ref idref="fl-14d"/>
      </object_component>
      <object_component id="oc-153">
         <name>.text:__aeabi_cdcmple</name>
         <load_address>0x2cc0</load_address>
         <run_address>0x2cc0</run_address>
         <size>0x86</size>
         <input_file_ref idref="fl-148"/>
      </object_component>
      <object_component id="oc-162">
         <name>.text:__aeabi_cdrcmple</name>
         <load_address>0x2d46</load_address>
         <run_address>0x2d46</run_address>
         <size>0x86</size>
         <input_file_ref idref="fl-148"/>
      </object_component>
      <object_component id="oc-4f">
         <name>.text</name>
         <load_address>0x2dcc</load_address>
         <run_address>0x2dcc</run_address>
         <size>0x7a</size>
         <input_file_ref idref="fl-134"/>
      </object_component>
      <object_component id="oc-d7">
         <name>.text</name>
         <load_address>0x2e48</load_address>
         <run_address>0x2e48</run_address>
         <size>0x70</size>
         <input_file_ref idref="fl-136"/>
      </object_component>
      <object_component id="oc-61">
         <name>.text</name>
         <load_address>0x2eb8</load_address>
         <run_address>0x2eb8</run_address>
         <size>0x6c</size>
         <input_file_ref idref="fl-143"/>
      </object_component>
      <object_component id="oc-42">
         <name>.text</name>
         <load_address>0x2f24</load_address>
         <run_address>0x2f24</run_address>
         <size>0x6a</size>
         <input_file_ref idref="fl-12c"/>
      </object_component>
      <object_component id="oc-286">
         <name>.text</name>
         <load_address>0x2f90</load_address>
         <run_address>0x2f90</run_address>
         <size>0x68</size>
         <input_file_ref idref="fl-13d"/>
      </object_component>
      <object_component id="oc-1f7">
         <name>.text</name>
         <load_address>0x2ff8</load_address>
         <run_address>0x2ff8</run_address>
         <size>0x66</size>
         <input_file_ref idref="fl-159"/>
      </object_component>
      <object_component id="oc-1bb">
         <name>.text</name>
         <load_address>0x3060</load_address>
         <run_address>0x3060</run_address>
         <size>0x64</size>
         <input_file_ref idref="fl-14f"/>
      </object_component>
      <object_component id="oc-16c">
         <name>.text</name>
         <load_address>0x30c4</load_address>
         <run_address>0x30c4</run_address>
         <size>0x56</size>
         <input_file_ref idref="fl-152"/>
      </object_component>
      <object_component id="oc-182">
         <name>.text</name>
         <load_address>0x311a</load_address>
         <run_address>0x311a</run_address>
         <size>0x52</size>
         <input_file_ref idref="fl-151"/>
      </object_component>
      <object_component id="oc-24">
         <name>.text</name>
         <load_address>0x316c</load_address>
         <run_address>0x316c</run_address>
         <size>0x50</size>
         <input_file_ref idref="fl-12a"/>
      </object_component>
      <object_component id="oc-19a">
         <name>.text</name>
         <load_address>0x31bc</load_address>
         <run_address>0x31bc</run_address>
         <size>0x4c</size>
         <input_file_ref idref="fl-142"/>
      </object_component>
      <object_component id="oc-9c">
         <name>.text</name>
         <load_address>0x3208</load_address>
         <run_address>0x3208</run_address>
         <size>0x4c</size>
         <input_file_ref idref="fl-144"/>
      </object_component>
      <object_component id="oc-167">
         <name>.text</name>
         <load_address>0x3254</load_address>
         <run_address>0x3254</run_address>
         <size>0x48</size>
         <input_file_ref idref="fl-14b"/>
      </object_component>
      <object_component id="oc-6d">
         <name>.text</name>
         <load_address>0x329c</load_address>
         <run_address>0x329c</run_address>
         <size>0x44</size>
         <input_file_ref idref="fl-12e"/>
      </object_component>
      <object_component id="oc-2c8">
         <name>.text</name>
         <load_address>0x32e0</load_address>
         <run_address>0x32e0</run_address>
         <size>0x40</size>
         <input_file_ref idref="fl-160"/>
      </object_component>
      <object_component id="oc-25e">
         <name>.text</name>
         <load_address>0x3320</load_address>
         <run_address>0x3320</run_address>
         <size>0x34</size>
         <input_file_ref idref="fl-15d"/>
      </object_component>
      <object_component id="oc-1d8">
         <name>.text</name>
         <load_address>0x3354</load_address>
         <run_address>0x3354</run_address>
         <size>0x30</size>
         <input_file_ref idref="fl-13b"/>
      </object_component>
      <object_component id="oc-18e">
         <name>.text</name>
         <load_address>0x3384</load_address>
         <run_address>0x3384</run_address>
         <size>0x30</size>
         <input_file_ref idref="fl-157"/>
      </object_component>
      <object_component id="oc-205">
         <name>.text</name>
         <load_address>0x33b4</load_address>
         <run_address>0x33b4</run_address>
         <size>0x30</size>
         <input_file_ref idref="fl-15a"/>
      </object_component>
      <object_component id="oc-172">
         <name>.text</name>
         <load_address>0x33e4</load_address>
         <run_address>0x33e4</run_address>
         <size>0x2e</size>
         <input_file_ref idref="fl-150"/>
      </object_component>
      <object_component id="oc-2a8">
         <name>.text</name>
         <load_address>0x3412</load_address>
         <run_address>0x3412</run_address>
         <size>0x2e</size>
         <input_file_ref idref="fl-15f"/>
      </object_component>
      <object_component id="oc-17c">
         <name>.text</name>
         <load_address>0x3440</load_address>
         <run_address>0x3440</run_address>
         <size>0x2a</size>
         <input_file_ref idref="fl-14e"/>
      </object_component>
      <object_component id="oc-127">
         <name>.text</name>
         <load_address>0x346a</load_address>
         <run_address>0x346a</run_address>
         <size>0x20</size>
         <input_file_ref idref="fl-131"/>
      </object_component>
      <object_component id="oc-194">
         <name>.text</name>
         <load_address>0x348a</load_address>
         <run_address>0x348a</run_address>
         <size>0x1c</size>
         <input_file_ref idref="fl-153"/>
      </object_component>
      <object_component id="oc-67">
         <name>.text</name>
         <load_address>0x34a8</load_address>
         <run_address>0x34a8</run_address>
         <size>0x18</size>
         <input_file_ref idref="fl-141"/>
      </object_component>
      <object_component id="oc-1d2">
         <name>.text</name>
         <load_address>0x34c0</load_address>
         <run_address>0x34c0</run_address>
         <size>0x18</size>
         <input_file_ref idref="fl-139"/>
      </object_component>
      <object_component id="oc-188">
         <name>.text</name>
         <load_address>0x34d8</load_address>
         <run_address>0x34d8</run_address>
         <size>0x16</size>
         <input_file_ref idref="fl-138"/>
      </object_component>
      <object_component id="oc-ec">
         <name>.text</name>
         <load_address>0x34f0</load_address>
         <run_address>0x34f0</run_address>
         <size>0x14</size>
         <input_file_ref idref="fl-13f"/>
      </object_component>
      <object_component id="oc-28c">
         <name>.text</name>
         <load_address>0x3504</load_address>
         <run_address>0x3504</run_address>
         <size>0x14</size>
         <input_file_ref idref="fl-155"/>
      </object_component>
      <object_component id="oc-121">
         <name>.text</name>
         <load_address>0x3518</load_address>
         <run_address>0x3518</run_address>
         <size>0x14</size>
         <input_file_ref idref="fl-13a"/>
      </object_component>
      <object_component id="oc-12">
         <name>.text:decompress:none</name>
         <load_address>0x352c</load_address>
         <run_address>0x352c</run_address>
         <size>0xe</size>
         <input_file_ref idref="fl-12b"/>
      </object_component>
      <object_component id="oc-1e">
         <name>.text:decompress:ZI</name>
         <load_address>0x353a</load_address>
         <run_address>0x353a</run_address>
         <size>0xc</size>
         <input_file_ref idref="fl-12d"/>
      </object_component>
      <object_component id="oc-2d">
         <name>.text</name>
         <load_address>0x3546</load_address>
         <run_address>0x3546</run_address>
         <size>0xc</size>
         <input_file_ref idref="fl-3"/>
      </object_component>
      <object_component id="oc-18">
         <name>.text:decompress:rle24</name>
         <load_address>0x3552</load_address>
         <run_address>0x3552</run_address>
         <size>0x6</size>
         <input_file_ref idref="fl-12c"/>
      </object_component>
      <object_component id="oc-5b">
         <name>.text</name>
         <load_address>0x3558</load_address>
         <run_address>0x3558</run_address>
         <size>0x4</size>
         <input_file_ref idref="fl-135"/>
      </object_component>
      <object_component id="oc-213">
         <name>.const:.string:_ctypes_</name>
         <load_address>0x355c</load_address>
         <run_address>0x355c</run_address>
         <size>0x101</size>
         <input_file_ref idref="fl-145"/>
      </object_component>
      <object_component id="oc-318">
         <name>.cinit..data.load</name>
         <load_address>0x3660</load_address>
         <run_address>0x3660</run_address>
         <size>0xa6</size>
      </object_component>
      <object_component id="oc-316">
         <name>__TI_handler_table</name>
         <load_address>0x3708</load_address>
         <run_address>0x3708</run_address>
         <size>0xc</size>
      </object_component>
      <object_component id="oc-319">
         <name>.cinit..bss.load</name>
         <load_address>0x3718</load_address>
         <run_address>0x3718</run_address>
         <size>0x8</size>
      </object_component>
      <object_component id="oc-317">
         <name>__TI_cinit_table</name>
         <load_address>0x3720</load_address>
         <run_address>0x3720</run_address>
         <size>0x10</size>
      </object_component>
      <object_component id="oc-2a">
         <name>.sysmem</name>
         <uninitialized>true</uninitialized>
         <run_address>0x20000000</run_address>
         <size>0x8</size>
         <input_file_ref idref="fl-133"/>
      </object_component>
      <object_component id="oc-31b">
         <name>.sysmem</name>
         <uninitialized>true</uninitialized>
         <run_address>0x20000000</run_address>
         <size>0x0</size>
      </object_component>
      <object_component id="oc-29">
         <name>.stack</name>
         <uninitialized>true</uninitialized>
         <run_address>0x20000b30</run_address>
         <size>0x0</size>
         <input_file_ref idref="fl-12a"/>
      </object_component>
      <object_component id="oc-31a">
         <name>.stack</name>
         <uninitialized>true</uninitialized>
         <run_address>0x20000b30</run_address>
         <size>0x0</size>
      </object_component>
      <object_component id="oc-2bd">
         <name>.bss:__CIOBUF_</name>
         <uninitialized>true</uninitialized>
         <run_address>0x20000d30</run_address>
         <size>0x120</size>
         <input_file_ref idref="fl-13d"/>
      </object_component>
      <object_component id="oc-2b6">
         <name>.bss:__TI_tmpnams</name>
         <uninitialized>true</uninitialized>
         <run_address>0x20000e50</run_address>
         <size>0xa0</size>
         <input_file_ref idref="fl-146"/>
      </object_component>
      <object_component id="oc-292">
         <name>.common:parmbuf</name>
         <uninitialized>true</uninitialized>
         <run_address>0x20000ef0</run_address>
         <size>0x8</size>
      </object_component>
      <object_component id="oc-af">
         <name>.data</name>
         <load_address>0x20000b14</load_address>
         <run_address>0x20000b14</run_address>
         <size>0x8</size>
         <input_file_ref idref="fl-12e"/>
      </object_component>
      <object_component id="oc-1de">
         <name>.data</name>
         <load_address>0x200008f0</load_address>
         <run_address>0x200008f0</run_address>
         <size>0xd0</size>
         <input_file_ref idref="fl-130"/>
      </object_component>
      <object_component id="oc-101">
         <name>.data</name>
         <load_address>0x20000b00</load_address>
         <run_address>0x20000b00</run_address>
         <size>0xc</size>
         <input_file_ref idref="fl-133"/>
      </object_component>
      <object_component id="oc-73">
         <name>.data</name>
         <load_address>0x20000b2c</load_address>
         <run_address>0x20000b2c</run_address>
         <size>0x4</size>
         <input_file_ref idref="fl-137"/>
      </object_component>
      <object_component id="oc-ac">
         <name>.data</name>
         <load_address>0x20000b0c</load_address>
         <run_address>0x20000b0c</run_address>
         <size>0x8</size>
         <input_file_ref idref="fl-13f"/>
      </object_component>
      <object_component id="oc-111">
         <name>.data:_ftable</name>
         <load_address>0x20000800</load_address>
         <run_address>0x20000800</run_address>
         <size>0xf0</size>
         <input_file_ref idref="fl-146"/>
      </object_component>
      <object_component id="oc-1cd">
         <name>.data</name>
         <load_address>0x20000af0</load_address>
         <run_address>0x20000af0</run_address>
         <size>0x10</size>
         <input_file_ref idref="fl-146"/>
      </object_component>
      <object_component id="oc-259">
         <name>.data</name>
         <load_address>0x20000a70</load_address>
         <run_address>0x20000a70</run_address>
         <size>0x80</size>
         <input_file_ref idref="fl-15b"/>
      </object_component>
      <object_component id="oc-264">
         <name>.data</name>
         <load_address>0x20000b24</load_address>
         <run_address>0x20000b24</run_address>
         <size>0x4</size>
         <input_file_ref idref="fl-15c"/>
      </object_component>
      <object_component id="oc-2ae">
         <name>.data</name>
         <load_address>0x20000b1c</load_address>
         <run_address>0x20000b1c</run_address>
         <size>0x8</size>
         <input_file_ref idref="fl-15d"/>
      </object_component>
      <object_component id="oc-27d">
         <name>.data</name>
         <load_address>0x20000b28</load_address>
         <run_address>0x20000b28</run_address>
         <size>0x4</size>
         <input_file_ref idref="fl-15e"/>
      </object_component>
      <object_component id="oc-2e3">
         <name>.data:sigtable</name>
         <load_address>0x200009c0</load_address>
         <run_address>0x200009c0</run_address>
         <size>0xb0</size>
         <input_file_ref idref="fl-160"/>
      </object_component>
      <object_component id="oc-e4">
         <name>.debug_info</name>
         <load_address>0x0</load_address>
         <run_address>0x0</run_address>
         <size>0x160</size>
         <input_file_ref idref="fl-2"/>
      </object_component>
      <object_component id="oc-a5">
         <name>.debug_info</name>
         <load_address>0x160</load_address>
         <run_address>0x160</run_address>
         <size>0x324</size>
         <input_file_ref idref="fl-2"/>
      </object_component>
      <object_component id="oc-142">
         <name>.debug_info</name>
         <load_address>0x484</load_address>
         <run_address>0x484</run_address>
         <size>0xc8</size>
         <input_file_ref idref="fl-2"/>
      </object_component>
      <object_component id="oc-7e">
         <name>.debug_info</name>
         <load_address>0x54c</load_address>
         <run_address>0x54c</run_address>
         <size>0x84</size>
         <input_file_ref idref="fl-2"/>
      </object_component>
      <object_component id="oc-83">
         <name>.debug_info</name>
         <load_address>0x5d0</load_address>
         <run_address>0x5d0</run_address>
         <size>0x18b</size>
         <input_file_ref idref="fl-2"/>
      </object_component>
      <object_component id="oc-13d">
         <name>.debug_info</name>
         <load_address>0x75b</load_address>
         <run_address>0x75b</run_address>
         <size>0x6f</size>
         <input_file_ref idref="fl-2"/>
      </object_component>
      <object_component id="oc-116">
         <name>.debug_info</name>
         <load_address>0x7ca</load_address>
         <run_address>0x7ca</run_address>
         <size>0x4e</size>
         <input_file_ref idref="fl-2"/>
      </object_component>
      <object_component id="oc-35">
         <name>.debug_info</name>
         <load_address>0x818</load_address>
         <run_address>0x818</run_address>
         <size>0xfd</size>
         <input_file_ref idref="fl-3"/>
      </object_component>
      <object_component id="oc-10">
         <name>.debug_info</name>
         <load_address>0x915</load_address>
         <run_address>0x915</run_address>
         <size>0xe2</size>
         <input_file_ref idref="fl-3"/>
      </object_component>
      <object_component id="oc-2e">
         <name>.debug_info</name>
         <load_address>0x9f7</load_address>
         <run_address>0x9f7</run_address>
         <size>0x25e</size>
         <input_file_ref idref="fl-3"/>
      </object_component>
      <object_component id="oc-26">
         <name>.debug_info</name>
         <load_address>0xc55</load_address>
         <run_address>0xc55</run_address>
         <size>0x134</size>
         <input_file_ref idref="fl-12a"/>
      </object_component>
      <object_component id="oc-41">
         <name>.debug_info</name>
         <load_address>0xd89</load_address>
         <run_address>0xd89</run_address>
         <size>0x121</size>
         <input_file_ref idref="fl-12b"/>
      </object_component>
      <object_component id="oc-14">
         <name>.debug_info</name>
         <load_address>0xeaa</load_address>
         <run_address>0xeaa</run_address>
         <size>0x1c0</size>
         <input_file_ref idref="fl-12b"/>
      </object_component>
      <object_component id="oc-3c">
         <name>.debug_info</name>
         <load_address>0x106a</load_address>
         <run_address>0x106a</run_address>
         <size>0x46</size>
         <input_file_ref idref="fl-12b"/>
      </object_component>
      <object_component id="oc-89">
         <name>.debug_info</name>
         <load_address>0x10b0</load_address>
         <run_address>0x10b0</run_address>
         <size>0x2c</size>
         <input_file_ref idref="fl-12b"/>
      </object_component>
      <object_component id="oc-49">
         <name>.debug_info</name>
         <load_address>0x10dc</load_address>
         <run_address>0x10dc</run_address>
         <size>0x115</size>
         <input_file_ref idref="fl-12c"/>
      </object_component>
      <object_component id="oc-43">
         <name>.debug_info</name>
         <load_address>0x11f1</load_address>
         <run_address>0x11f1</run_address>
         <size>0x228</size>
         <input_file_ref idref="fl-12c"/>
      </object_component>
      <object_component id="oc-19">
         <name>.debug_info</name>
         <load_address>0x1419</load_address>
         <run_address>0x1419</run_address>
         <size>0x192</size>
         <input_file_ref idref="fl-12c"/>
      </object_component>
      <object_component id="oc-4a">
         <name>.debug_info</name>
         <load_address>0x15ab</load_address>
         <run_address>0x15ab</run_address>
         <size>0x39</size>
         <input_file_ref idref="fl-12c"/>
      </object_component>
      <object_component id="oc-93">
         <name>.debug_info</name>
         <load_address>0x15e4</load_address>
         <run_address>0x15e4</run_address>
         <size>0x2c</size>
         <input_file_ref idref="fl-12c"/>
      </object_component>
      <object_component id="oc-5a">
         <name>.debug_info</name>
         <load_address>0x1610</load_address>
         <run_address>0x1610</run_address>
         <size>0x110</size>
         <input_file_ref idref="fl-12d"/>
      </object_component>
      <object_component id="oc-1f">
         <name>.debug_info</name>
         <load_address>0x1720</load_address>
         <run_address>0x1720</run_address>
         <size>0x18b</size>
         <input_file_ref idref="fl-12d"/>
      </object_component>
      <object_component id="oc-55">
         <name>.debug_info</name>
         <load_address>0x18ab</load_address>
         <run_address>0x18ab</run_address>
         <size>0x46</size>
         <input_file_ref idref="fl-12d"/>
      </object_component>
      <object_component id="oc-b3">
         <name>.debug_info</name>
         <load_address>0x18f1</load_address>
         <run_address>0x18f1</run_address>
         <size>0x172</size>
         <input_file_ref idref="fl-12e"/>
      </object_component>
      <object_component id="oc-b0">
         <name>.debug_info</name>
         <load_address>0x1a63</load_address>
         <run_address>0x1a63</run_address>
         <size>0x117</size>
         <input_file_ref idref="fl-12e"/>
      </object_component>
      <object_component id="oc-6e">
         <name>.debug_info</name>
         <load_address>0x1b7a</load_address>
         <run_address>0x1b7a</run_address>
         <size>0x1ee</size>
         <input_file_ref idref="fl-12e"/>
      </object_component>
      <object_component id="oc-13a">
         <name>.debug_info</name>
         <load_address>0x1d68</load_address>
         <run_address>0x1d68</run_address>
         <size>0x283</size>
         <input_file_ref idref="fl-12f"/>
      </object_component>
      <object_component id="oc-de">
         <name>.debug_info</name>
         <load_address>0x1feb</load_address>
         <run_address>0x1feb</run_address>
         <size>0x33a</size>
         <input_file_ref idref="fl-12f"/>
      </object_component>
      <object_component id="oc-1b6">
         <name>.debug_info</name>
         <load_address>0x2325</load_address>
         <run_address>0x2325</run_address>
         <size>0xae</size>
         <input_file_ref idref="fl-12f"/>
      </object_component>
      <object_component id="oc-1e2">
         <name>.debug_info</name>
         <load_address>0x23d3</load_address>
         <run_address>0x23d3</run_address>
         <size>0x481</size>
         <input_file_ref idref="fl-130"/>
      </object_component>
      <object_component id="oc-1df">
         <name>.debug_info</name>
         <load_address>0x2854</load_address>
         <run_address>0x2854</run_address>
         <size>0xf7</size>
         <input_file_ref idref="fl-130"/>
      </object_component>
      <object_component id="oc-134">
         <name>.debug_info</name>
         <load_address>0x294b</load_address>
         <run_address>0x294b</run_address>
         <size>0xaec</size>
         <input_file_ref idref="fl-130"/>
      </object_component>
      <object_component id="oc-248">
         <name>.debug_info</name>
         <load_address>0x3437</load_address>
         <run_address>0x3437</run_address>
         <size>0x120</size>
         <input_file_ref idref="fl-130"/>
      </object_component>
      <object_component id="oc-1a7">
         <name>.debug_info</name>
         <load_address>0x3557</load_address>
         <run_address>0x3557</run_address>
         <size>0x2c</size>
         <input_file_ref idref="fl-130"/>
      </object_component>
      <object_component id="oc-1e4">
         <name>.debug_info</name>
         <load_address>0x3583</load_address>
         <run_address>0x3583</run_address>
         <size>0x2c</size>
         <input_file_ref idref="fl-130"/>
      </object_component>
      <object_component id="oc-1cc">
         <name>.debug_info</name>
         <load_address>0x35af</load_address>
         <run_address>0x35af</run_address>
         <size>0xe1</size>
         <input_file_ref idref="fl-131"/>
      </object_component>
      <object_component id="oc-128">
         <name>.debug_info</name>
         <load_address>0x3690</load_address>
         <run_address>0x3690</run_address>
         <size>0x20f</size>
         <input_file_ref idref="fl-131"/>
      </object_component>
      <object_component id="oc-37">
         <name>.debug_info</name>
         <load_address>0x389f</load_address>
         <run_address>0x389f</run_address>
         <size>0xf6</size>
         <input_file_ref idref="fl-132"/>
      </object_component>
      <object_component id="oc-79">
         <name>.debug_info</name>
         <load_address>0x3995</load_address>
         <run_address>0x3995</run_address>
         <size>0x203</size>
         <input_file_ref idref="fl-133"/>
      </object_component>
      <object_component id="oc-2b">
         <name>.debug_info</name>
         <load_address>0x3b98</load_address>
         <run_address>0x3b98</run_address>
         <size>0xe2</size>
         <input_file_ref idref="fl-133"/>
      </object_component>
      <object_component id="oc-102">
         <name>.debug_info</name>
         <load_address>0x3c7a</load_address>
         <run_address>0x3c7a</run_address>
         <size>0x12d</size>
         <input_file_ref idref="fl-133"/>
      </object_component>
      <object_component id="oc-d2">
         <name>.debug_info</name>
         <load_address>0x3da7</load_address>
         <run_address>0x3da7</run_address>
         <size>0x86c</size>
         <input_file_ref idref="fl-133"/>
      </object_component>
      <object_component id="oc-b9">
         <name>.debug_info</name>
         <load_address>0x4613</load_address>
         <run_address>0x4613</run_address>
         <size>0x2c</size>
         <input_file_ref idref="fl-133"/>
      </object_component>
      <object_component id="oc-be">
         <name>.debug_info</name>
         <load_address>0x463f</load_address>
         <run_address>0x463f</run_address>
         <size>0x62</size>
         <input_file_ref idref="fl-133"/>
      </object_component>
      <object_component id="oc-50">
         <name>.debug_info</name>
         <load_address>0x46a1</load_address>
         <run_address>0x46a1</run_address>
         <size>0x124</size>
         <input_file_ref idref="fl-134"/>
      </object_component>
      <object_component id="oc-5c">
         <name>.debug_info</name>
         <load_address>0x47c5</load_address>
         <run_address>0x47c5</run_address>
         <size>0x129</size>
         <input_file_ref idref="fl-135"/>
      </object_component>
      <object_component id="oc-115">
         <name>.debug_info</name>
         <load_address>0x48ee</load_address>
         <run_address>0x48ee</run_address>
         <size>0x20d</size>
         <input_file_ref idref="fl-136"/>
      </object_component>
      <object_component id="oc-d8">
         <name>.debug_info</name>
         <load_address>0x4afb</load_address>
         <run_address>0x4afb</run_address>
         <size>0x265</size>
         <input_file_ref idref="fl-136"/>
      </object_component>
      <object_component id="oc-74">
         <name>.debug_info</name>
         <load_address>0x4d60</load_address>
         <run_address>0x4d60</run_address>
         <size>0xea</size>
         <input_file_ref idref="fl-137"/>
      </object_component>
      <object_component id="oc-20e">
         <name>.debug_info</name>
         <load_address>0x4e4a</load_address>
         <run_address>0x4e4a</run_address>
         <size>0xd6</size>
         <input_file_ref idref="fl-138"/>
      </object_component>
      <object_component id="oc-189">
         <name>.debug_info</name>
         <load_address>0x4f20</load_address>
         <run_address>0x4f20</run_address>
         <size>0x211</size>
         <input_file_ref idref="fl-138"/>
      </object_component>
      <object_component id="oc-23b">
         <name>.debug_info</name>
         <load_address>0x5131</load_address>
         <run_address>0x5131</run_address>
         <size>0xc6</size>
         <input_file_ref idref="fl-139"/>
      </object_component>
      <object_component id="oc-1d3">
         <name>.debug_info</name>
         <load_address>0x51f7</load_address>
         <run_address>0x51f7</run_address>
         <size>0x225</size>
         <input_file_ref idref="fl-139"/>
      </object_component>
      <object_component id="oc-1ca">
         <name>.debug_info</name>
         <load_address>0x541c</load_address>
         <run_address>0x541c</run_address>
         <size>0xcb</size>
         <input_file_ref idref="fl-13a"/>
      </object_component>
      <object_component id="oc-122">
         <name>.debug_info</name>
         <load_address>0x54e7</load_address>
         <run_address>0x54e7</run_address>
         <size>0x1f7</size>
         <input_file_ref idref="fl-13a"/>
      </object_component>
      <object_component id="oc-23d">
         <name>.debug_info</name>
         <load_address>0x56de</load_address>
         <run_address>0x56de</run_address>
         <size>0xd7</size>
         <input_file_ref idref="fl-13b"/>
      </object_component>
      <object_component id="oc-1d9">
         <name>.debug_info</name>
         <load_address>0x57b5</load_address>
         <run_address>0x57b5</run_address>
         <size>0x226</size>
         <input_file_ref idref="fl-13b"/>
      </object_component>
      <object_component id="oc-293">
         <name>.debug_info</name>
         <load_address>0x59db</load_address>
         <run_address>0x59db</run_address>
         <size>0x24e</size>
         <input_file_ref idref="fl-13c"/>
      </object_component>
      <object_component id="oc-23f">
         <name>.debug_info</name>
         <load_address>0x5c29</load_address>
         <run_address>0x5c29</run_address>
         <size>0xa0e</size>
         <input_file_ref idref="fl-13c"/>
      </object_component>
      <object_component id="oc-296">
         <name>.debug_info</name>
         <load_address>0x6637</load_address>
         <run_address>0x6637</run_address>
         <size>0x39</size>
         <input_file_ref idref="fl-13c"/>
      </object_component>
      <object_component id="oc-2c1">
         <name>.debug_info</name>
         <load_address>0x6670</load_address>
         <run_address>0x6670</run_address>
         <size>0xf6</size>
         <input_file_ref idref="fl-13d"/>
      </object_component>
      <object_component id="oc-2be">
         <name>.debug_info</name>
         <load_address>0x6766</load_address>
         <run_address>0x6766</run_address>
         <size>0xde</size>
         <input_file_ref idref="fl-13d"/>
      </object_component>
      <object_component id="oc-287">
         <name>.debug_info</name>
         <load_address>0x6844</load_address>
         <run_address>0x6844</run_address>
         <size>0x262</size>
         <input_file_ref idref="fl-13d"/>
      </object_component>
      <object_component id="oc-1c8">
         <name>.debug_info</name>
         <load_address>0x6aa6</load_address>
         <run_address>0x6aa6</run_address>
         <size>0x132</size>
         <input_file_ref idref="fl-13e"/>
      </object_component>
      <object_component id="oc-11c">
         <name>.debug_info</name>
         <load_address>0x6bd8</load_address>
         <run_address>0x6bd8</run_address>
         <size>0x211</size>
         <input_file_ref idref="fl-13e"/>
      </object_component>
      <object_component id="oc-22b">
         <name>.debug_info</name>
         <load_address>0x6de9</load_address>
         <run_address>0x6de9</run_address>
         <size>0xbb</size>
         <input_file_ref idref="fl-13e"/>
      </object_component>
      <object_component id="oc-f4">
         <name>.debug_info</name>
         <load_address>0x6ea4</load_address>
         <run_address>0x6ea4</run_address>
         <size>0x105</size>
         <input_file_ref idref="fl-13f"/>
      </object_component>
      <object_component id="oc-ad">
         <name>.debug_info</name>
         <load_address>0x6fa9</load_address>
         <run_address>0x6fa9</run_address>
         <size>0xf4</size>
         <input_file_ref idref="fl-13f"/>
      </object_component>
      <object_component id="oc-ed">
         <name>.debug_info</name>
         <load_address>0x709d</load_address>
         <run_address>0x709d</run_address>
         <size>0x200</size>
         <input_file_ref idref="fl-13f"/>
      </object_component>
      <object_component id="oc-1a1">
         <name>.debug_info</name>
         <load_address>0x729d</load_address>
         <run_address>0x729d</run_address>
         <size>0x338</size>
         <input_file_ref idref="fl-140"/>
      </object_component>
      <object_component id="oc-10c">
         <name>.debug_info</name>
         <load_address>0x75d5</load_address>
         <run_address>0x75d5</run_address>
         <size>0x17ea</size>
         <input_file_ref idref="fl-140"/>
      </object_component>
      <object_component id="oc-1a2">
         <name>.debug_info</name>
         <load_address>0x8dbf</load_address>
         <run_address>0x8dbf</run_address>
         <size>0x86</size>
         <input_file_ref idref="fl-140"/>
      </object_component>
      <object_component id="oc-21a">
         <name>.debug_info</name>
         <load_address>0x8e45</load_address>
         <run_address>0x8e45</run_address>
         <size>0x46</size>
         <input_file_ref idref="fl-140"/>
      </object_component>
      <object_component id="oc-1ac">
         <name>.debug_info</name>
         <load_address>0x8e8b</load_address>
         <run_address>0x8e8b</run_address>
         <size>0x39</size>
         <input_file_ref idref="fl-140"/>
      </object_component>
      <object_component id="oc-ab">
         <name>.debug_info</name>
         <load_address>0x8ec4</load_address>
         <run_address>0x8ec4</run_address>
         <size>0x147</size>
         <input_file_ref idref="fl-141"/>
      </object_component>
      <object_component id="oc-68">
         <name>.debug_info</name>
         <load_address>0x900b</load_address>
         <run_address>0x900b</run_address>
         <size>0x148</size>
         <input_file_ref idref="fl-141"/>
      </object_component>
      <object_component id="oc-e7">
         <name>.debug_info</name>
         <load_address>0x9153</load_address>
         <run_address>0x9153</run_address>
         <size>0x5e</size>
         <input_file_ref idref="fl-141"/>
      </object_component>
      <object_component id="oc-217">
         <name>.debug_info</name>
         <load_address>0x91b1</load_address>
         <run_address>0x91b1</run_address>
         <size>0xf5</size>
         <input_file_ref idref="fl-142"/>
      </object_component>
      <object_component id="oc-19b">
         <name>.debug_info</name>
         <load_address>0x92a6</load_address>
         <run_address>0x92a6</run_address>
         <size>0x152</size>
         <input_file_ref idref="fl-142"/>
      </object_component>
      <object_component id="oc-a3">
         <name>.debug_info</name>
         <load_address>0x93f8</load_address>
         <run_address>0x93f8</run_address>
         <size>0x29e</size>
         <input_file_ref idref="fl-143"/>
      </object_component>
      <object_component id="oc-62">
         <name>.debug_info</name>
         <load_address>0x9696</load_address>
         <run_address>0x9696</run_address>
         <size>0x158</size>
         <input_file_ref idref="fl-143"/>
      </object_component>
      <object_component id="oc-c7">
         <name>.debug_info</name>
         <load_address>0x97ee</load_address>
         <run_address>0x97ee</run_address>
         <size>0x39</size>
         <input_file_ref idref="fl-143"/>
      </object_component>
      <object_component id="oc-cc">
         <name>.debug_info</name>
         <load_address>0x9827</load_address>
         <run_address>0x9827</run_address>
         <size>0xcd</size>
         <input_file_ref idref="fl-143"/>
      </object_component>
      <object_component id="oc-c4">
         <name>.debug_info</name>
         <load_address>0x98f4</load_address>
         <run_address>0x98f4</run_address>
         <size>0x1c1</size>
         <input_file_ref idref="fl-144"/>
      </object_component>
      <object_component id="oc-9d">
         <name>.debug_info</name>
         <load_address>0x9ab5</load_address>
         <run_address>0x9ab5</run_address>
         <size>0x164</size>
         <input_file_ref idref="fl-144"/>
      </object_component>
      <object_component id="oc-fc">
         <name>.debug_info</name>
         <load_address>0x9c19</load_address>
         <run_address>0x9c19</run_address>
         <size>0x2c</size>
         <input_file_ref idref="fl-144"/>
      </object_component>
      <object_component id="oc-272">
         <name>.debug_info</name>
         <load_address>0x9c45</load_address>
         <run_address>0x9c45</run_address>
         <size>0xcf</size>
         <input_file_ref idref="fl-145"/>
      </object_component>
      <object_component id="oc-214">
         <name>.debug_info</name>
         <load_address>0x9d14</load_address>
         <run_address>0x9d14</run_address>
         <size>0xdb</size>
         <input_file_ref idref="fl-145"/>
      </object_component>
      <object_component id="oc-1b3">
         <name>.debug_info</name>
         <load_address>0x9def</load_address>
         <run_address>0x9def</run_address>
         <size>0xf1</size>
         <input_file_ref idref="fl-146"/>
      </object_component>
      <object_component id="oc-112">
         <name>.debug_info</name>
         <load_address>0x9ee0</load_address>
         <run_address>0x9ee0</run_address>
         <size>0xd8</size>
         <input_file_ref idref="fl-146"/>
      </object_component>
      <object_component id="oc-2b7">
         <name>.debug_info</name>
         <load_address>0x9fb8</load_address>
         <run_address>0x9fb8</run_address>
         <size>0xe2</size>
         <input_file_ref idref="fl-146"/>
      </object_component>
      <object_component id="oc-1ce">
         <name>.debug_info</name>
         <load_address>0xa09a</load_address>
         <run_address>0xa09a</run_address>
         <size>0x165</size>
         <input_file_ref idref="fl-146"/>
      </object_component>
      <object_component id="oc-178">
         <name>.debug_info</name>
         <load_address>0xa1ff</load_address>
         <run_address>0xa1ff</run_address>
         <size>0x129</size>
         <input_file_ref idref="fl-147"/>
      </object_component>
      <object_component id="oc-154">
         <name>.debug_info</name>
         <load_address>0xa328</load_address>
         <run_address>0xa328</run_address>
         <size>0x105</size>
         <input_file_ref idref="fl-148"/>
      </object_component>
      <object_component id="oc-163">
         <name>.debug_info</name>
         <load_address>0xa42d</load_address>
         <run_address>0xa42d</run_address>
         <size>0x107</size>
         <input_file_ref idref="fl-148"/>
      </object_component>
      <object_component id="oc-15e">
         <name>.debug_info</name>
         <load_address>0xa534</load_address>
         <run_address>0xa534</run_address>
         <size>0x117</size>
         <input_file_ref idref="fl-149"/>
      </object_component>
      <object_component id="oc-159">
         <name>.debug_info</name>
         <load_address>0xa64b</load_address>
         <run_address>0xa64b</run_address>
         <size>0x117</size>
         <input_file_ref idref="fl-14a"/>
      </object_component>
      <object_component id="oc-168">
         <name>.debug_info</name>
         <load_address>0xa762</load_address>
         <run_address>0xa762</run_address>
         <size>0x10b</size>
         <input_file_ref idref="fl-14b"/>
      </object_component>
      <object_component id="oc-1d1">
         <name>.debug_info</name>
         <load_address>0xa86d</load_address>
         <run_address>0xa86d</run_address>
         <size>0x183</size>
         <input_file_ref idref="fl-14c"/>
      </object_component>
      <object_component id="oc-12e">
         <name>.debug_info</name>
         <load_address>0xa9f0</load_address>
         <run_address>0xa9f0</run_address>
         <size>0x23b</size>
         <input_file_ref idref="fl-14c"/>
      </object_component>
      <object_component id="oc-14d">
         <name>.debug_info</name>
         <load_address>0xac2b</load_address>
         <run_address>0xac2b</run_address>
         <size>0x1bf</size>
         <input_file_ref idref="fl-14d"/>
      </object_component>
      <object_component id="oc-106">
         <name>.debug_info</name>
         <load_address>0xadea</load_address>
         <run_address>0xadea</run_address>
         <size>0x220</size>
         <input_file_ref idref="fl-14d"/>
      </object_component>
      <object_component id="oc-1fe">
         <name>.debug_info</name>
         <load_address>0xb00a</load_address>
         <run_address>0xb00a</run_address>
         <size>0xfe</size>
         <input_file_ref idref="fl-14e"/>
      </object_component>
      <object_component id="oc-17d">
         <name>.debug_info</name>
         <load_address>0xb108</load_address>
         <run_address>0xb108</run_address>
         <size>0x16e</size>
         <input_file_ref idref="fl-14e"/>
      </object_component>
      <object_component id="oc-222">
         <name>.debug_info</name>
         <load_address>0xb276</load_address>
         <run_address>0xb276</run_address>
         <size>0x160</size>
         <input_file_ref idref="fl-14f"/>
      </object_component>
      <object_component id="oc-1bc">
         <name>.debug_info</name>
         <load_address>0xb3d6</load_address>
         <run_address>0xb3d6</run_address>
         <size>0x1c2</size>
         <input_file_ref idref="fl-14f"/>
      </object_component>
      <object_component id="oc-173">
         <name>.debug_info</name>
         <load_address>0xb598</load_address>
         <run_address>0xb598</run_address>
         <size>0x109</size>
         <input_file_ref idref="fl-150"/>
      </object_component>
      <object_component id="oc-20c">
         <name>.debug_info</name>
         <load_address>0xb6a1</load_address>
         <run_address>0xb6a1</run_address>
         <size>0x142</size>
         <input_file_ref idref="fl-151"/>
      </object_component>
      <object_component id="oc-183">
         <name>.debug_info</name>
         <load_address>0xb7e3</load_address>
         <run_address>0xb7e3</run_address>
         <size>0x165</size>
         <input_file_ref idref="fl-151"/>
      </object_component>
      <object_component id="oc-1f4">
         <name>.debug_info</name>
         <load_address>0xb948</load_address>
         <run_address>0xb948</run_address>
         <size>0x12d</size>
         <input_file_ref idref="fl-152"/>
      </object_component>
      <object_component id="oc-16d">
         <name>.debug_info</name>
         <load_address>0xba75</load_address>
         <run_address>0xba75</run_address>
         <size>0x1a3</size>
         <input_file_ref idref="fl-152"/>
      </object_component>
      <object_component id="oc-212">
         <name>.debug_info</name>
         <load_address>0xbc18</load_address>
         <run_address>0xbc18</run_address>
         <size>0xd2</size>
         <input_file_ref idref="fl-153"/>
      </object_component>
      <object_component id="oc-195">
         <name>.debug_info</name>
         <load_address>0xbcea</load_address>
         <run_address>0xbcea</run_address>
         <size>0x18c</size>
         <input_file_ref idref="fl-153"/>
      </object_component>
      <object_component id="oc-22a">
         <name>.debug_info</name>
         <load_address>0xbe76</load_address>
         <run_address>0xbe76</run_address>
         <size>0x1a1</size>
         <input_file_ref idref="fl-154"/>
      </object_component>
      <object_component id="oc-1c2">
         <name>.debug_info</name>
         <load_address>0xc017</load_address>
         <run_address>0xc017</run_address>
         <size>0x1e1</size>
         <input_file_ref idref="fl-154"/>
      </object_component>
      <object_component id="oc-2c3">
         <name>.debug_info</name>
         <load_address>0xc1f8</load_address>
         <run_address>0xc1f8</run_address>
         <size>0xd1</size>
         <input_file_ref idref="fl-155"/>
      </object_component>
      <object_component id="oc-28d">
         <name>.debug_info</name>
         <load_address>0xc2c9</load_address>
         <run_address>0xc2c9</run_address>
         <size>0x1fe</size>
         <input_file_ref idref="fl-155"/>
      </object_component>
      <object_component id="oc-14f">
         <name>.debug_info</name>
         <load_address>0xc4c7</load_address>
         <run_address>0xc4c7</run_address>
         <size>0x162</size>
         <input_file_ref idref="fl-156"/>
      </object_component>
      <object_component id="oc-210">
         <name>.debug_info</name>
         <load_address>0xc629</load_address>
         <run_address>0xc629</run_address>
         <size>0xf3</size>
         <input_file_ref idref="fl-157"/>
      </object_component>
      <object_component id="oc-18f">
         <name>.debug_info</name>
         <load_address>0xc71c</load_address>
         <run_address>0xc71c</run_address>
         <size>0x13a</size>
         <input_file_ref idref="fl-157"/>
      </object_component>
      <object_component id="oc-25d">
         <name>.debug_info</name>
         <load_address>0xc856</load_address>
         <run_address>0xc856</run_address>
         <size>0x111</size>
         <input_file_ref idref="fl-158"/>
      </object_component>
      <object_component id="oc-200">
         <name>.debug_info</name>
         <load_address>0xc967</load_address>
         <run_address>0xc967</run_address>
         <size>0x192</size>
         <input_file_ref idref="fl-158"/>
      </object_component>
      <object_component id="oc-2a1">
         <name>.debug_info</name>
         <load_address>0xcaf9</load_address>
         <run_address>0xcaf9</run_address>
         <size>0x86</size>
         <input_file_ref idref="fl-158"/>
      </object_component>
      <object_component id="oc-256">
         <name>.debug_info</name>
         <load_address>0xcb7f</load_address>
         <run_address>0xcb7f</run_address>
         <size>0xfb</size>
         <input_file_ref idref="fl-159"/>
      </object_component>
      <object_component id="oc-1f8">
         <name>.debug_info</name>
         <load_address>0xcc7a</load_address>
         <run_address>0xcc7a</run_address>
         <size>0x173</size>
         <input_file_ref idref="fl-159"/>
      </object_component>
      <object_component id="oc-206">
         <name>.debug_info</name>
         <load_address>0xcded</load_address>
         <run_address>0xcded</run_address>
         <size>0x153</size>
         <input_file_ref idref="fl-15a"/>
      </object_component>
      <object_component id="oc-25a">
         <name>.debug_info</name>
         <load_address>0xcf40</load_address>
         <run_address>0xcf40</run_address>
         <size>0x1b5</size>
         <input_file_ref idref="fl-15b"/>
      </object_component>
      <object_component id="oc-265">
         <name>.debug_info</name>
         <load_address>0xd0f5</load_address>
         <run_address>0xd0f5</run_address>
         <size>0xd6</size>
         <input_file_ref idref="fl-15c"/>
      </object_component>
      <object_component id="oc-2d7">
         <name>.debug_info</name>
         <load_address>0xd1cb</load_address>
         <run_address>0xd1cb</run_address>
         <size>0x13e</size>
         <input_file_ref idref="fl-15d"/>
      </object_component>
      <object_component id="oc-2af">
         <name>.debug_info</name>
         <load_address>0xd309</load_address>
         <run_address>0xd309</run_address>
         <size>0x10e</size>
         <input_file_ref idref="fl-15d"/>
      </object_component>
      <object_component id="oc-25f">
         <name>.debug_info</name>
         <load_address>0xd417</load_address>
         <run_address>0xd417</run_address>
         <size>0x16f</size>
         <input_file_ref idref="fl-15d"/>
      </object_component>
      <object_component id="oc-2d2">
         <name>.debug_info</name>
         <load_address>0xd586</load_address>
         <run_address>0xd586</run_address>
         <size>0x6f</size>
         <input_file_ref idref="fl-15d"/>
      </object_component>
      <object_component id="oc-27f">
         <name>.debug_info</name>
         <load_address>0xd5f5</load_address>
         <run_address>0xd5f5</run_address>
         <size>0x21d</size>
         <input_file_ref idref="fl-15e"/>
      </object_component>
      <object_component id="oc-224">
         <name>.debug_info</name>
         <load_address>0xd812</load_address>
         <run_address>0xd812</run_address>
         <size>0x436</size>
         <input_file_ref idref="fl-15e"/>
      </object_component>
      <object_component id="oc-2cf">
         <name>.debug_info</name>
         <load_address>0xdc48</load_address>
         <run_address>0xdc48</run_address>
         <size>0xfd</size>
         <input_file_ref idref="fl-15f"/>
      </object_component>
      <object_component id="oc-2a9">
         <name>.debug_info</name>
         <load_address>0xdd45</load_address>
         <run_address>0xdd45</run_address>
         <size>0x154</size>
         <input_file_ref idref="fl-15f"/>
      </object_component>
      <object_component id="oc-2ea">
         <name>.debug_info</name>
         <load_address>0xde99</load_address>
         <run_address>0xde99</run_address>
         <size>0x2c</size>
         <input_file_ref idref="fl-15f"/>
      </object_component>
      <object_component id="oc-2e7">
         <name>.debug_info</name>
         <load_address>0xdec5</load_address>
         <run_address>0xdec5</run_address>
         <size>0x11d</size>
         <input_file_ref idref="fl-160"/>
      </object_component>
      <object_component id="oc-2e4">
         <name>.debug_info</name>
         <load_address>0xdfe2</load_address>
         <run_address>0xdfe2</run_address>
         <size>0xdb</size>
         <input_file_ref idref="fl-160"/>
      </object_component>
      <object_component id="oc-2c9">
         <name>.debug_info</name>
         <load_address>0xe0bd</load_address>
         <run_address>0xe0bd</run_address>
         <size>0x16a</size>
         <input_file_ref idref="fl-160"/>
      </object_component>
      <object_component id="oc-29c">
         <name>.debug_info</name>
         <load_address>0xe227</load_address>
         <run_address>0xe227</run_address>
         <size>0xc6</size>
         <input_file_ref idref="fl-161"/>
      </object_component>
      <object_component id="oc-250">
         <name>.debug_info</name>
         <load_address>0xe2ed</load_address>
         <run_address>0xe2ed</run_address>
         <size>0x14d</size>
         <input_file_ref idref="fl-161"/>
      </object_component>
      <object_component id="oc-2ba">
         <name>.debug_info</name>
         <load_address>0xe43a</load_address>
         <run_address>0xe43a</run_address>
         <size>0x1e1</size>
         <input_file_ref idref="fl-162"/>
      </object_component>
      <object_component id="oc-278">
         <name>.debug_info</name>
         <load_address>0xe61b</load_address>
         <run_address>0xe61b</run_address>
         <size>0x279</size>
         <input_file_ref idref="fl-162"/>
      </object_component>
      <object_component id="oc-31c">
         <name>.debug_info</name>
         <load_address>0xe894</load_address>
         <run_address>0xe894</run_address>
         <size>0x9c</size>
      </object_component>
      <object_component id="oc-13c">
         <name>.debug_line</name>
         <load_address>0x0</load_address>
         <run_address>0x0</run_address>
         <size>0xb7</size>
         <input_file_ref idref="fl-2"/>
      </object_component>
      <object_component id="oc-a8">
         <name>.debug_line</name>
         <load_address>0xb7</load_address>
         <run_address>0xb7</run_address>
         <size>0xc3</size>
         <input_file_ref idref="fl-2"/>
      </object_component>
      <object_component id="oc-145">
         <name>.debug_line</name>
         <load_address>0x17a</load_address>
         <run_address>0x17a</run_address>
         <size>0x6b</size>
         <input_file_ref idref="fl-2"/>
      </object_component>
      <object_component id="oc-81">
         <name>.debug_line</name>
         <load_address>0x1e5</load_address>
         <run_address>0x1e5</run_address>
         <size>0x20</size>
         <input_file_ref idref="fl-2"/>
      </object_component>
      <object_component id="oc-86">
         <name>.debug_line</name>
         <load_address>0x205</load_address>
         <run_address>0x205</run_address>
         <size>0x6c</size>
         <input_file_ref idref="fl-2"/>
      </object_component>
      <object_component id="oc-140">
         <name>.debug_line</name>
         <load_address>0x271</load_address>
         <run_address>0x271</run_address>
         <size>0x2d</size>
         <input_file_ref idref="fl-2"/>
      </object_component>
      <object_component id="oc-119">
         <name>.debug_line</name>
         <load_address>0x29e</load_address>
         <run_address>0x29e</run_address>
         <size>0x6c</size>
         <input_file_ref idref="fl-2"/>
      </object_component>
      <object_component id="oc-7d">
         <name>.debug_line</name>
         <load_address>0x30a</load_address>
         <run_address>0x30a</run_address>
         <size>0x41</size>
         <input_file_ref idref="fl-3"/>
      </object_component>
      <object_component id="oc-34">
         <name>.debug_line</name>
         <load_address>0x34b</load_address>
         <run_address>0x34b</run_address>
         <size>0x41</size>
         <input_file_ref idref="fl-3"/>
      </object_component>
      <object_component id="oc-31">
         <name>.debug_line</name>
         <load_address>0x38c</load_address>
         <run_address>0x38c</run_address>
         <size>0xa1</size>
         <input_file_ref idref="fl-3"/>
      </object_component>
      <object_component id="oc-28">
         <name>.debug_line</name>
         <load_address>0x42d</load_address>
         <run_address>0x42d</run_address>
         <size>0x52</size>
         <input_file_ref idref="fl-12a"/>
      </object_component>
      <object_component id="oc-8f">
         <name>.debug_line</name>
         <load_address>0x47f</load_address>
         <run_address>0x47f</run_address>
         <size>0x80</size>
         <input_file_ref idref="fl-12b"/>
      </object_component>
      <object_component id="oc-13">
         <name>.debug_line</name>
         <load_address>0x4ff</load_address>
         <run_address>0x4ff</run_address>
         <size>0x55</size>
         <input_file_ref idref="fl-12b"/>
      </object_component>
      <object_component id="oc-3f">
         <name>.debug_line</name>
         <load_address>0x554</load_address>
         <run_address>0x554</run_address>
         <size>0x3a</size>
         <input_file_ref idref="fl-12b"/>
      </object_component>
      <object_component id="oc-8c">
         <name>.debug_line</name>
         <load_address>0x58e</load_address>
         <run_address>0x58e</run_address>
         <size>0x80</size>
         <input_file_ref idref="fl-12b"/>
      </object_component>
      <object_component id="oc-92">
         <name>.debug_line</name>
         <load_address>0x60e</load_address>
         <run_address>0x60e</run_address>
         <size>0x80</size>
         <input_file_ref idref="fl-12c"/>
      </object_component>
      <object_component id="oc-46">
         <name>.debug_line</name>
         <load_address>0x68e</load_address>
         <run_address>0x68e</run_address>
         <size>0x98</size>
         <input_file_ref idref="fl-12c"/>
      </object_component>
      <object_component id="oc-1c">
         <name>.debug_line</name>
         <load_address>0x726</load_address>
         <run_address>0x726</run_address>
         <size>0x4b</size>
         <input_file_ref idref="fl-12c"/>
      </object_component>
      <object_component id="oc-4d">
         <name>.debug_line</name>
         <load_address>0x771</load_address>
         <run_address>0x771</run_address>
         <size>0x39</size>
         <input_file_ref idref="fl-12c"/>
      </object_component>
      <object_component id="oc-96">
         <name>.debug_line</name>
         <load_address>0x7aa</load_address>
         <run_address>0x7aa</run_address>
         <size>0x80</size>
         <input_file_ref idref="fl-12c"/>
      </object_component>
      <object_component id="oc-9a">
         <name>.debug_line</name>
         <load_address>0x82a</load_address>
         <run_address>0x82a</run_address>
         <size>0x80</size>
         <input_file_ref idref="fl-12d"/>
      </object_component>
      <object_component id="oc-22">
         <name>.debug_line</name>
         <load_address>0x8aa</load_address>
         <run_address>0x8aa</run_address>
         <size>0x4f</size>
         <input_file_ref idref="fl-12d"/>
      </object_component>
      <object_component id="oc-58">
         <name>.debug_line</name>
         <load_address>0x8f9</load_address>
         <run_address>0x8f9</run_address>
         <size>0x34</size>
         <input_file_ref idref="fl-12d"/>
      </object_component>
      <object_component id="oc-f9">
         <name>.debug_line</name>
         <load_address>0x92d</load_address>
         <run_address>0x92d</run_address>
         <size>0x7f</size>
         <input_file_ref idref="fl-12e"/>
      </object_component>
      <object_component id="oc-f7">
         <name>.debug_line</name>
         <load_address>0x9ac</load_address>
         <run_address>0x9ac</run_address>
         <size>0x2a</size>
         <input_file_ref idref="fl-12e"/>
      </object_component>
      <object_component id="oc-71">
         <name>.debug_line</name>
         <load_address>0x9d6</load_address>
         <run_address>0x9d6</run_address>
         <size>0x7a</size>
         <input_file_ref idref="fl-12e"/>
      </object_component>
      <object_component id="oc-1ea">
         <name>.debug_line</name>
         <load_address>0xa50</load_address>
         <run_address>0xa50</run_address>
         <size>0x153</size>
         <input_file_ref idref="fl-12f"/>
      </object_component>
      <object_component id="oc-e1">
         <name>.debug_line</name>
         <load_address>0xba3</load_address>
         <run_address>0xba3</run_address>
         <size>0xfa</size>
         <input_file_ref idref="fl-12f"/>
      </object_component>
      <object_component id="oc-1b9">
         <name>.debug_line</name>
         <load_address>0xc9d</load_address>
         <run_address>0xc9d</run_address>
         <size>0x7f</size>
         <input_file_ref idref="fl-12f"/>
      </object_component>
      <object_component id="oc-247">
         <name>.debug_line</name>
         <load_address>0xd1c</load_address>
         <run_address>0xd1c</run_address>
         <size>0xeb</size>
         <input_file_ref idref="fl-130"/>
      </object_component>
      <object_component id="oc-245">
         <name>.debug_line</name>
         <load_address>0xe07</load_address>
         <run_address>0xe07</run_address>
         <size>0x2c</size>
         <input_file_ref idref="fl-130"/>
      </object_component>
      <object_component id="oc-137">
[...]
      </symbol>
      <symbol id="sm-84">
         <name>__stack</name>
         <value>0x20000b30</value>
         <object_component_ref idref="oc-29"/>
      </symbol>
      <symbol id="sm-9b">
         <name>__TI_decompress_none</name>
         <value>0x352d</value>
         <object_component_ref idref="oc-12"/>
      </symbol>
      <symbol id="sm-c3">
         <name>__TI_decompress_rle24</name>
         <value>0x3553</value>
         <object_component_ref idref="oc-18"/>
      </symbol>
      <symbol id="sm-d5">
         <name>__TI_zero_init</name>
         <value>0x353b</value>
         <object_component_ref idref="oc-1e"/>
      </symbol>
      <symbol id="sm-f4">
         <name>C$$EXIT</name>
         <value>0x329d</value>
         <object_component_ref idref="oc-6d"/>
      </symbol>
      <symbol id="sm-f5">
         <name>abort</name>
         <value>0x32a1</value>
         <object_component_ref idref="oc-6d"/>
      </symbol>
      <symbol id="sm-f6">
         <name>exit</name>
         <value>0x32a9</value>
         <object_component_ref idref="oc-6d"/>
      </symbol>
      <symbol id="sm-f7">
         <name>__TI_dtors_ptr</name>
         <value>0x20000b18</value>
         <object_component_ref idref="oc-af"/>
      </symbol>
      <symbol id="sm-f8">
         <name>__TI_cleanup_ptr</name>
         <value>0x20000b14</value>
         <object_component_ref idref="oc-af"/>
      </symbol>
      <symbol id="sm-11f">
         <name>puts</name>
         <value>0x2495</value>
         <object_component_ref idref="oc-dd"/>
      </symbol>
      <symbol id="sm-120">
         <name>fputs</name>
         <value>0x2389</value>
         <object_component_ref idref="oc-dd"/>
      </symbol>
      <symbol id="sm-177">
         <name>open</name>
         <value>0x1843</value>
         <object_component_ref idref="oc-133"/>
      </symbol>
      <symbol id="sm-178">
         <name>add_device</name>
         <value>0x1965</value>
         <object_component_ref idref="oc-133"/>
      </symbol>
      <symbol id="sm-179">
         <name>remove_device</name>
         <value>0x17f7</value>
         <object_component_ref idref="oc-133"/>
      </symbol>
      <symbol id="sm-17a">
         <name>lseek</name>
         <value>0x18f1</value>
         <object_component_ref idref="oc-133"/>
      </symbol>
      <symbol id="sm-17b">
         <name>read</name>
         <value>0x181f</value>
         <object_component_ref idref="oc-133"/>
      </symbol>
      <symbol id="sm-17c">
         <name>rename</name>
         <value>0x17b9</value>
         <object_component_ref idref="oc-133"/>
      </symbol>
      <symbol id="sm-17d">
         <name>write</name>
         <value>0x1705</value>
         <object_component_ref idref="oc-133"/>
      </symbol>
      <symbol id="sm-17e">
         <name>close</name>
         <value>0x1915</value>
         <object_component_ref idref="oc-133"/>
      </symbol>
      <symbol id="sm-17f">
         <name>unlink</name>
         <value>0x1795</value>
         <object_component_ref idref="oc-133"/>
      </symbol>
      <symbol id="sm-18f">
         <name>memchr</name>
         <value>0x346b</value>
         <object_component_ref idref="oc-127"/>
      </symbol>
      <symbol id="sm-1aa">
         <name>memcpy</name>
         <value>0x2af3</value>
         <object_component_ref idref="oc-36"/>
      </symbol>
      <symbol id="sm-1ab">
         <name>__aeabi_memcpy</name>
         <value>0x2af3</value>
         <object_component_ref idref="oc-36"/>
      </symbol>
      <symbol id="sm-1ac">
         <name>__aeabi_memcpy8</name>
         <value>0x2af3</value>
         <object_component_ref idref="oc-36"/>
      </symbol>
      <symbol id="sm-1ad">
         <name>__aeabi_memcpy4</name>
         <value>0x2af3</value>
         <object_component_ref idref="oc-36"/>
      </symbol>
      <symbol id="sm-224">
         <name>_sys_memory</name>
         <value>0x20000000</value>
         <object_component_ref idref="oc-2a"/>
      </symbol>
      <symbol id="sm-225">
         <name>free</name>
         <value>0x141f</value>
         <object_component_ref idref="oc-d1"/>
      </symbol>
      <symbol id="sm-226">
         <name>realloc</name>
         <value>0x14e1</value>
         <object_component_ref idref="oc-d1"/>
      </symbol>
      <symbol id="sm-227">
         <name>memalign</name>
         <value>0x15ed</value>
         <object_component_ref idref="oc-d1"/>
      </symbol>
      <symbol id="sm-228">
         <name>calloc</name>
         <value>0x16d1</value>
         <object_component_ref idref="oc-d1"/>
      </symbol>
      <symbol id="sm-229">
         <name>malloc</name>
         <value>0x13b7</value>
         <object_component_ref idref="oc-d1"/>
      </symbol>
      <symbol id="sm-22a">
         <name>minit</name>
         <value>0x1329</value>
         <object_component_ref idref="oc-d1"/>
      </symbol>
      <symbol id="sm-239">
         <name>__aeabi_memset</name>
         <value>0x2dcf</value>
         <object_component_ref idref="oc-4f"/>
      </symbol>
      <symbol id="sm-23a">
         <name>memset</name>
         <value>0x2dd5</value>
         <object_component_ref idref="oc-4f"/>
      </symbol>
      <symbol id="sm-23b">
         <name>__aeabi_memset8</name>
         <value>0x2dcf</value>
         <object_component_ref idref="oc-4f"/>
      </symbol>
      <symbol id="sm-23c">
         <name>__aeabi_memset4</name>
         <value>0x2dcf</value>
         <object_component_ref idref="oc-4f"/>
      </symbol>
      <symbol id="sm-23d">
         <name>__aeabi_memclr8</name>
         <value>0x2dcd</value>
         <object_component_ref idref="oc-4f"/>
      </symbol>
      <symbol id="sm-23e">
         <name>__aeabi_memclr4</name>
         <value>0x2dcd</value>
         <object_component_ref idref="oc-4f"/>
      </symbol>
      <symbol id="sm-23f">
         <name>__aeabi_memclr</name>
         <value>0x2dcd</value>
         <object_component_ref idref="oc-4f"/>
      </symbol>
      <symbol id="sm-249">
         <name>_system_pre_init</name>
         <value>0x3559</value>
         <object_component_ref idref="oc-5b"/>
      </symbol>
      <symbol id="sm-262">
         <name>printf</name>
         <value>0x2e51</value>
         <object_component_ref idref="oc-d7"/>
      </symbol>
      <symbol id="sm-26a">
         <name>main_func_sp</name>
         <value>0x20000b2c</value>
         <object_component_ref idref="oc-73"/>
      </symbol>
      <symbol id="sm-27a">
         <name>strchr</name>
         <value>0x34d9</value>
         <object_component_ref idref="oc-188"/>
      </symbol>
      <symbol id="sm-289">
         <name>strcmp</name>
         <value>0x34c1</value>
         <object_component_ref idref="oc-1d2"/>
      </symbol>
      <symbol id="sm-297">
         <name>strlen</name>
         <value>0x3519</value>
         <object_component_ref idref="oc-121"/>
      </symbol>
      <symbol id="sm-2a7">
         <name>strncpy</name>
         <value>0x3355</value>
         <object_component_ref idref="oc-1d8"/>
      </symbol>
      <symbol id="sm-2c8">
         <name>HOSTgetenv</name>
         <value>0x1c27</value>
         <object_component_ref idref="oc-23e"/>
      </symbol>
      <symbol id="sm-2c9">
         <name>HOSTrename</name>
         <value>0x1acf</value>
         <object_component_ref idref="oc-23e"/>
      </symbol>
      <symbol id="sm-2ca">
         <name>HOSTclose</name>
         <value>0x1c65</value>
         <object_component_ref idref="oc-23e"/>
      </symbol>
      <symbol id="sm-2cb">
         <name>HOSTunlink</name>
         <value>0x1a5d</value>
         <object_component_ref idref="oc-23e"/>
      </symbol>
      <symbol id="sm-2cc">
         <name>HOSTlseek</name>
         <value>0x1bcb</value>
         <object_component_ref idref="oc-23e"/>
      </symbol>
      <symbol id="sm-2cd">
         <name>HOSTopen</name>
         <value>0x1b79</value>
         <object_component_ref idref="oc-23e"/>
      </symbol>
      <symbol id="sm-2ce">
         <name>HOSTclock</name>
         <value>0x1c9d</value>
         <object_component_ref idref="oc-23e"/>
      </symbol>
      <symbol id="sm-2cf">
         <name>HOSTwrite</name>
         <value>0x1a11</value>
         <object_component_ref idref="oc-23e"/>
      </symbol>
      <symbol id="sm-2d0">
         <name>HOSTread</name>
         <value>0x1b2d</value>
         <object_component_ref idref="oc-23e"/>
      </symbol>
      <symbol id="sm-2d1">
         <name>HOSTtime</name>
         <value>0x1a95</value>
         <object_component_ref idref="oc-23e"/>
      </symbol>
      <symbol id="sm-2ec">
         <name>__TI_readmsg</name>
         <value>0x2fc3</value>
         <object_component_ref idref="oc-286"/>
      </symbol>
      <symbol id="sm-2ed">
         <name>C$$IO$$</name>
         <value>0x2fbf</value>
         <object_component_ref idref="oc-286"/>
      </symbol>
      <symbol id="sm-2ee">
         <name>__CIOBUF_</name>
         <value>0x20000d30</value>
         <object_component_ref idref="oc-2bd"/>
      </symbol>
      <symbol id="sm-2ef">
         <name>__TI_writemsg</name>
         <value>0x2f91</value>
         <object_component_ref idref="oc-286"/>
      </symbol>
      <symbol id="sm-30d">
         <name>__TI_wrt_ok</name>
         <value>0x2a47</value>
         <object_component_ref idref="oc-11b"/>
      </symbol>
      <symbol id="sm-30e">
         <name>__TI_rd_ok</name>
         <value>0x2aa9</value>
         <object_component_ref idref="oc-11b"/>
      </symbol>
      <symbol id="sm-327">
         <name>_nop</name>
         <value>0x34ff</value>
         <object_component_ref idref="oc-ec"/>
      </symbol>
      <symbol id="sm-328">
         <name>_lock</name>
         <value>0x20000b0c</value>
         <object_component_ref idref="oc-ac"/>
      </symbol>
      <symbol id="sm-329">
         <name>_unlock</name>
         <value>0x20000b10</value>
         <object_component_ref idref="oc-ac"/>
      </symbol>
      <symbol id="sm-32a">
         <name>_register_lock</name>
         <value>0x34f7</value>
         <object_component_ref idref="oc-ec"/>
      </symbol>
      <symbol id="sm-32b">
         <name>_register_unlock</name>
         <value>0x34f1</value>
         <object_component_ref idref="oc-ec"/>
      </symbol>
      <symbol id="sm-430">
         <name>__TI_printfi</name>
         <value>0x1021</value>
         <object_component_ref idref="oc-10b"/>
      </symbol>
      <symbol id="sm-445">
         <name>_args_main</name>
         <value>0x34a9</value>
         <object_component_ref idref="oc-67"/>
      </symbol>
      <symbol id="sm-45b">
         <name>atoi</name>
         <value>0x31bd</value>
         <object_component_ref idref="oc-19a"/>
      </symbol>
      <symbol id="sm-481">
         <name>__TI_auto_init</name>
         <value>0x2eb9</value>
         <object_component_ref idref="oc-61"/>
      </symbol>
      <symbol id="sm-49b">
         <name>copy_in</name>
         <value>0x3209</value>
         <object_component_ref idref="oc-9c"/>
      </symbol>
      <symbol id="sm-4a6">
         <name>_ctypes_</name>
         <value>0x355c</value>
         <object_component_ref idref="oc-213"/>
      </symbol>
      <symbol id="sm-4bf">
         <name>__aeabi_stdout</name>
         <value>0x20000af8</value>
         <object_component_ref idref="oc-1cd"/>
      </symbol>
      <symbol id="sm-4c0">
         <name>__TI_tmpnams</name>
         <value>0x20000e50</value>
         <object_component_ref idref="oc-2b6"/>
      </symbol>
      <symbol id="sm-4c1">
         <name>__aeabi_stderr</name>
         <value>0x20000afc</value>
         <object_component_ref idref="oc-1cd"/>
      </symbol>
      <symbol id="sm-4c2">
         <name>__aeabi_stdin</name>
         <value>0x20000af4</value>
         <object_component_ref idref="oc-1cd"/>
      </symbol>
      <symbol id="sm-4c3">
         <name>_ftable</name>
         <value>0x20000800</value>
         <object_component_ref idref="oc-111"/>
      </symbol>
      <symbol id="sm-4c4">
         <name>__TI_ft_end</name>
         <value>0x20000af0</value>
         <object_component_ref idref="oc-1cd"/>
      </symbol>
      <symbol id="sm-4e8">
         <name>__aeabi_dsub</name>
         <value>0x209d</value>
         <object_component_ref idref="oc-177"/>
      </symbol>
      <symbol id="sm-4e9">
         <name>__aeabi_dadd</name>
         <value>0x20a7</value>
         <object_component_ref idref="oc-177"/>
      </symbol>
      <symbol id="sm-510">
         <name>__aeabi_cdcmpeq</name>
         <value>0x2cc1</value>
         <object_component_ref idref="oc-153"/>
      </symbol>
      <symbol id="sm-511">
         <name>__aeabi_cdcmple</name>
         <value>0x2cc1</value>
         <object_component_ref idref="oc-153"/>
      </symbol>
      <symbol id="sm-512">
         <name>__aeabi_cdrcmple</name>
         <value>0x2d47</value>
         <object_component_ref idref="oc-162"/>
      </symbol>
      <symbol id="sm-532">
         <name>__aeabi_ddiv</name>
         <value>0x2253</value>
         <object_component_ref idref="oc-15d"/>
      </symbol>
      <symbol id="sm-549">
         <name>__aeabi_dmul</name>
         <value>0x26e9</value>
         <object_component_ref idref="oc-158"/>
      </symbol>
      <symbol id="sm-557">
         <name>__aeabi_d2iz</name>
         <value>0x3255</value>
         <object_component_ref idref="oc-167"/>
      </symbol>
      <symbol id="sm-571">
         <name>__TI_doflush</name>
         <value>0x28c1</value>
         <object_component_ref idref="oc-12d"/>
      </symbol>
      <symbol id="sm-572">
         <name>fflush</name>
         <value>0x290d</value>
         <object_component_ref idref="oc-12d"/>
      </symbol>
      <symbol id="sm-589">
         <name>putc</name>
         <value>0x2c29</value>
         <object_component_ref idref="oc-105"/>
      </symbol>
      <symbol id="sm-58a">
         <name>fputc</name>
         <value>0x2c29</value>
         <object_component_ref idref="oc-105"/>
      </symbol>
      <symbol id="sm-58b">
         <name>putchar</name>
         <value>0x2cad</value>
         <object_component_ref idref="oc-105"/>
      </symbol>
      <symbol id="sm-598">
         <name>frexp</name>
         <value>0x3441</value>
         <object_component_ref idref="oc-17c"/>
      </symbol>
      <symbol id="sm-5aa">
         <name>fseek</name>
         <value>0x3061</value>
         <object_component_ref idref="oc-1bb"/>
      </symbol>
      <symbol id="sm-5b6">
         <name>__aeabi_i2d</name>
         <value>0x33e5</value>
         <object_component_ref idref="oc-172"/>
      </symbol>
      <symbol id="sm-5c7">
         <name>ldexp</name>
         <value>0x311b</value>
         <object_component_ref idref="oc-182"/>
      </symbol>
      <symbol id="sm-5d6">
         <name>ltoa</name>
         <value>0x30c5</value>
         <object_component_ref idref="oc-16c"/>
      </symbol>
      <symbol id="sm-5e6">
         <name>memccpy</name>
         <value>0x348b</value>
         <object_component_ref idref="oc-194"/>
      </symbol>
      <symbol id="sm-602">
         <name>setvbuf</name>
         <value>0x27e5</value>
         <object_component_ref idref="oc-1c1"/>
      </symbol>
      <symbol id="sm-610">
         <name>strcpy</name>
         <value>0x3505</value>
         <object_component_ref idref="oc-28c"/>
      </symbol>
      <symbol id="sm-63a">
         <name>__aeabi_uldivmod</name>
         <value>0x1ce5</value>
         <object_component_ref idref="oc-14e"/>
      </symbol>
      <symbol id="sm-648">
         <name>_Dclass</name>
         <value>0x3385</value>
         <object_component_ref idref="oc-18e"/>
      </symbol>
      <symbol id="sm-669">
         <name>_Dscale</name>
         <value>0x25d9</value>
         <object_component_ref idref="oc-1ff"/>
      </symbol>
      <symbol id="sm-67d">
         <name>_Dunscale</name>
         <value>0x2ff9</value>
         <object_component_ref idref="oc-1f7"/>
      </symbol>
      <symbol id="sm-68c">
         <name>_Feraise</name>
         <value>0x33b5</value>
         <object_component_ref idref="oc-205"/>
      </symbol>
      <symbol id="sm-69c">
         <name>_Rteps</name>
         <value>0x20000ad0</value>
         <object_component_ref idref="oc-259"/>
      </symbol>
      <symbol id="sm-69d">
         <name>_Zero</name>
         <value>0x20000ae8</value>
         <object_component_ref idref="oc-259"/>
      </symbol>
      <symbol id="sm-69e">
         <name>_Hugeval</name>
         <value>0x20000a90</value>
         <object_component_ref idref="oc-259"/>
      </symbol>
      <symbol id="sm-69f">
         <name>_Snan</name>
         <value>0x20000ac0</value>
         <object_component_ref idref="oc-259"/>
      </symbol>
      <symbol id="sm-6a0">
         <name>_Nan</name>
         <value>0x20000ab0</value>
         <object_component_ref idref="oc-259"/>
      </symbol>
      <symbol id="sm-6a1">
         <name>_Inf</name>
         <value>0x20000aa0</value>
         <object_component_ref idref="oc-259"/>
      </symbol>
      <symbol id="sm-6a2">
         <name>_Xbig</name>
         <value>0x20000ae0</value>
         <object_component_ref idref="oc-259"/>
      </symbol>
      <symbol id="sm-6a3">
         <name>_Eps</name>
         <value>0x20000a80</value>
         <object_component_ref idref="oc-259"/>
      </symbol>
      <symbol id="sm-6a4">
         <name>_Denorm</name>
         <value>0x20000a70</value>
         <object_component_ref idref="oc-259"/>
      </symbol>
      <symbol id="sm-6ac">
         <name>_Errno</name>
         <value>0x20000b24</value>
         <object_component_ref idref="oc-264"/>
      </symbol>
      <symbol id="sm-6ca">
         <name>feraiseexcept</name>
         <value>0x3321</value>
         <object_component_ref idref="oc-25e"/>
      </symbol>
      <symbol id="sm-6cb">
         <name>_Tls_setup__Fenv</name>
         <value>0x20000b20</value>
         <object_component_ref idref="oc-2ae"/>
      </symbol>
      <symbol id="sm-6cc">
         <name>_Fenv</name>
         <value>0x20000b1c</value>
         <object_component_ref idref="oc-2ae"/>
      </symbol>
      <symbol id="sm-6fe">
         <name>__TI_cleanup</name>
         <value>0x1fa1</value>
         <object_component_ref idref="oc-223"/>
      </symbol>
      <symbol id="sm-6ff">
         <name>freopen</name>
         <value>0x1fcd</value>
         <object_component_ref idref="oc-223"/>
      </symbol>
      <symbol id="sm-700">
         <name>fopen</name>
         <value>0x1ff7</value>
         <object_component_ref idref="oc-223"/>
      </symbol>
      <symbol id="sm-714">
         <name>raise</name>
         <value>0x3413</value>
         <object_component_ref idref="oc-2a8"/>
      </symbol>
      <symbol id="sm-72e">
         <name>signal</name>
         <value>0x32e1</value>
         <object_component_ref idref="oc-2c8"/>
      </symbol>
      <symbol id="sm-743">
         <name>_Dnorm</name>
         <value>0x2989</value>
         <object_component_ref idref="oc-24f"/>
      </symbol>
      <symbol id="sm-759">
         <name>__TI_closefile</name>
         <value>0x2b91</value>
         <object_component_ref idref="oc-277"/>
      </symbol>
      <symbol id="sm-75a">
         <name>fclose</name>
         <value>0x2bf7</value>
         <object_component_ref idref="oc-277"/>
      </symbol>
      <symbol id="sm-75c">
         <name>__TI_static_base__</name>
         <value>0x0</value>
      </symbol>
      <symbol id="sm-75f">
         <name>SHT$$INIT_ARRAY$$Limit</name>
         <value>0x0</value>
      </symbol>
      <symbol id="sm-760">
         <name>SHT$$INIT_ARRAY$$Base</name>
         <value>0x0</value>
      </symbol>
      <symbol id="sm-761">
         <name>remove</name>
         <value>0x1795</value>
      </symbol>
   </symbol_table>
   <title>Link successful</title>
</link_info>
