******************************************************************************
                  TI ARM Linker Unix v5.2.5                    
******************************************************************************
>> Linked Fri Mar  4 11:30:35 2016

OUTPUT FILE NAME:   <sharpIR.out>
ENTRY POINT SYMBOL: "_c_int00"  address: 0000093d


MEMORY CONFIGURATION

         name            origin    length      used     unused   attr    fill
----------------------  --------  ---------  --------  --------  ----  --------
  FLASH                 00000000   00040000  00000db6  0003f24a  R  X
  SRAM                  20000000   00008000  00000218  00007de8  RW X


SEGMENT ALLOCATION MAP

run origin  load origin   length   init length attrs members
----------  ----------- ---------- ----------- ----- -------
00000000    00000000    00000db8   00000db8    r-x
  00000000    00000000    0000026c   0000026c    r-- .intvecs
  0000026c    0000026c    00000a16   00000a16    r-x .text
  00000c84    00000c84    000000fc   000000fc    r-- .const
  00000d80    00000d80    00000038   00000038    r-- .cinit
20000000    20000000    00000218   00000000    rw-
  20000000    20000000    00000200   00000000    rw- .stack
  20000200    20000200    00000014   00000000    rw- .data
  20000214    20000214    00000004   00000000    rw- .bss


SECTION ALLOCATION MAP

 output                                  attributes/
section   page    origin      length       input sections
--------  ----  ----------  ----------   ----------------
.intvecs   0    00000000    0000026c     
                  00000000    0000026c     tm4c123gh6pm_startup_ccs.obj (.intvecs)

.text      0    0000026c    00000a16     
                  0000026c    00000132     driverlib.lib : gpio.obj (.text:GPIOPadConfigSet)
                  0000039e    00000002     --HOLE-- [fill = 0]
                  000003a0    00000130     main.obj (.text)
                  000004d0    00000110     driverlib.lib : sysctl.obj (.text:SysCtlClockGet)
                  000005e0    000000f4                   : sysctl.obj (.text:SysCtlClockSet)
                  000006d4    0000009c     rtsv7M4_T_le_v4SPD16_eabi.lib : memcpy_t2.obj (.text)
                  00000770    0000007a     driverlib.lib : adc.obj (.text:ADCSequenceStepConfigure)
                  000007ea    0000007a     rtsv7M4_T_le_v4SPD16_eabi.lib : memset_t2.obj (.text)
                  00000864    0000006c                                   : autoinit.obj (.text)
                  000008d0    0000006a                                   : copy_decompress_rle.obj (.text)
                  0000093a    00000002     --HOLE-- [fill = 0]
                  0000093c    00000050                                   : boot.obj (.text)
                  0000098c    0000004c                                   : cpy_tbl.obj (.text)
                  000009d8    00000048     driverlib.lib : gpio.obj (.text:GPIOPinConfigure)
                  00000a20    00000046                   : uart.obj (.text:UARTConfigSetExpClk)
                  00000a66    00000002     --HOLE-- [fill = 0]
                  00000a68    00000044     rtsv7M4_T_le_v4SPD16_eabi.lib : exit.obj (.text)
                  00000aac    0000003e     driverlib.lib : adc.obj (.text:ADCSequenceConfigure)
                  00000aea    00000002     --HOLE-- [fill = 0]
                  00000aec    00000034                   : sysctl.obj (.text:SysCtlPeripheralEnable)
                  00000b20    0000002e                   : adc.obj (.text:ADCIntStatus)
                  00000b4e    0000002a                   : gpio.obj (.text:GPIODirModeSet)
                  00000b78    00000020                   : uart.obj (.text:UARTDisable)
                  00000b98    0000001e                   : adc.obj (.text:ADCSequenceDataGet)
                  00000bb6    00000018                   : adc.obj (.text:ADCProcessorTrigger)
                  00000bce    00000002     --HOLE-- [fill = 0]
                  00000bd0    00000018     rtsv7M4_T_le_v4SPD16_eabi.lib : args_main.obj (.text)
                  00000be8    00000014     driverlib.lib : uart.obj (.text:UARTEnable)
                  00000bfc    00000014     rtsv7M4_T_le_v4SPD16_eabi.lib : _lock.obj (.text)
                  00000c10    00000012     driverlib.lib : gpio.obj (.text:GPIOPinTypeADC)
                  00000c22    00000012                   : gpio.obj (.text:GPIOPinTypeUART)
                  00000c34    0000000e                   : adc.obj (.text:ADCSequenceEnable)
                  00000c42    0000000e     rtsv7M4_T_le_v4SPD16_eabi.lib : copy_decompress_none.obj (.text:decompress:none)
                  00000c50    0000000c                                   : copy_zero_init.obj (.text:decompress:ZI)
                  00000c5c    0000000c     tm4c123gh6pm_startup_ccs.obj (.text)
                  00000c68    0000000a     driverlib.lib : adc.obj (.text:ADCIntClear)
                  00000c72    00000006                   : sysctl.obj (.text:SysCtlDelay)
                  00000c78    00000006     rtsv7M4_T_le_v4SPD16_eabi.lib : copy_decompress_rle.obj (.text:decompress:rle24)
                  00000c7e    00000004                                   : pre_init.obj (.text)

.const     0    00000c84    000000fc     
                  00000c84    00000090     driverlib.lib : gpio.obj (.const:g_pui32GPIOBaseAddrs)
                  00000d14    0000006c                   : sysctl.obj (.const:g_pui32Xtals)

.cinit     0    00000d80    00000038     
                  00000d80    0000000f     (.cinit..data.load) [load image, compression = rle]
                  00000d8f    00000001     --HOLE-- [fill = 0]
                  00000d90    0000000c     (__TI_handler_table)
                  00000d9c    00000004     --HOLE-- [fill = 0]
                  00000da0    00000008     (.cinit..bss.load) [load image, compression = zero_init]
                  00000da8    00000010     (__TI_cinit_table)

.init_array 
*          0    00000000    00000000     UNINITIALIZED

.data      0    20000200    00000014     UNINITIALIZED
                  20000200    00000008     rtsv7M4_T_le_v4SPD16_eabi.lib : _lock.obj (.data)
                  20000208    00000008                                   : exit.obj (.data)
                  20000210    00000004                                   : stkdepth_vars.obj (.data)

.bss       0    20000214    00000004     UNINITIALIZED
                  20000214    00000004     (.common:adcRead)

.stack     0    20000000    00000200     UNINITIALIZED
                  20000000    00000200     --HOLE--

.TI.persistent 
*          0    20000200    00000000     UNINITIALIZED

.TI.noinit 
*          0    20000214    00000000     UNINITIALIZED


LINKER GENERATED COPY TABLES

__TI_cinit_table @ 00000da8 records: 2, size/record: 8, table size: 16
	.data: load addr=00000d80, load size=0000000f bytes, run addr=20000200, run size=00000014 bytes, compression=rle
	.bss: load addr=00000da0, load size=00000008 bytes, run addr=20000214, run size=00000004 bytes, compression=zero_init


LINKER GENERATED HANDLER TABLE

__TI_handler_table @ 00000d90 records: 3, size/record: 4, table size: 12
	index: 0, handler: __TI_decompress_rle24
	index: 1, handler: __TI_decompress_none
	index: 2, handler: __TI_zero_init


GLOBAL SYMBOLS: SORTED ALPHABETICALLY BY Name 

address   name                    
-------   ----                    
00000c69  ADCIntClear             
00000b21  ADCIntStatus            
00000bb7  ADCProcessorTrigger     
00000aad  ADCSequenceConfigure    
00000b99  ADCSequenceDataGet      
00000c35  ADCSequenceEnable       
00000771  ADCSequenceStepConfigure
00000a69  C$$EXIT                 
00000b4f  GPIODirModeSet          
0000026d  GPIOPadConfigSet        
000009d9  GPIOPinConfigure        
00000c11  GPIOPinTypeADC          
00000c23  GPIOPinTypeUART         
00000c5d  ResetISR                
UNDEFED   SHT$$INIT_ARRAY$$Base   
UNDEFED   SHT$$INIT_ARRAY$$Limit  
000004d1  SysCtlClockGet          
000005e1  SysCtlClockSet          
00000c73  SysCtlDelay             
00000aed  SysCtlPeripheralEnable  
00000a21  UARTConfigSetExpClk     
00000b79  UARTDisable             
00000be9  UARTEnable              
20000200  __STACK_END             
00000200  __STACK_SIZE            
20000200  __STACK_TOP             
00000da8  __TI_CINIT_Base         
00000db8  __TI_CINIT_Limit        
00000d90  __TI_Handler_Table_Base 
00000d9c  __TI_Handler_Table_Limit
00000865  __TI_auto_init          
20000208  __TI_cleanup_ptr        
00000c43  __TI_decompress_none    
00000c79  __TI_decompress_rle24   
2000020c  __TI_dtors_ptr          
00000000  __TI_static_base__      
00000c51  __TI_zero_init          
000007eb  __aeabi_memclr          
000007eb  __aeabi_memclr4         
000007eb  __aeabi_memclr8         
000006d5  __aeabi_memcpy          
000006d5  __aeabi_memcpy4         
000006d5  __aeabi_memcpy8         
000007ed  __aeabi_memset          
000007ed  __aeabi_memset4         
000007ed  __aeabi_memset8         
ffffffff  __binit__               
ffffffff  __c_args__              
20000000  __stack                 
00000bd1  _args_main              
0000093d  _c_int00                
20000200  _lock                   
00000c0b  _nop                    
00000c03  _register_lock          
00000bfd  _register_unlock        
00000c7f  _system_pre_init        
20000204  _unlock                 
00000a6d  abort                   
20000214  adcRead                 
ffffffff  binit                   
0000098d  copy_in                 
00000a75  exit                    
00000000  g_pfnVectors            
00000415  main                    
20000210  main_func_sp            
000006d5  memcpy                  
000007f3  memset                  


GLOBAL SYMBOLS: SORTED BY Symbol Address 

address   name                    
-------   ----                    
00000000  __TI_static_base__      
00000000  g_pfnVectors            
00000200  __STACK_SIZE            
0000026d  GPIOPadConfigSet        
00000415  main                    
000004d1  SysCtlClockGet          
000005e1  SysCtlClockSet          
000006d5  __aeabi_memcpy          
000006d5  __aeabi_memcpy4         
000006d5  __aeabi_memcpy8         
000006d5  memcpy                  
00000771  ADCSequenceStepConfigure
000007eb  __aeabi_memclr          
000007eb  __aeabi_memclr4         
000007eb  __aeabi_memclr8         
000007ed  __aeabi_memset          
000007ed  __aeabi_memset4         
000007ed  __aeabi_memset8         
000007f3  memset                  
00000865  __TI_auto_init          
0000093d  _c_int00                
0000098d  copy_in                 
000009d9  GPIOPinConfigure        
00000a21  UARTConfigSetExpClk     
00000a69  C$$EXIT                 
00000a6d  abort                   
00000a75  exit                    
00000aad  ADCSequenceConfigure    
00000aed  SysCtlPeripheralEnable  
00000b21  ADCIntStatus            
00000b4f  GPIODirModeSet          
00000b79  UARTDisable             
00000b99  ADCSequenceDataGet      
00000bb7  ADCProcessorTrigger     
00000bd1  _args_main              
00000be9  UARTEnable              
00000bfd  _register_unlock        
00000c03  _register_lock          
00000c0b  _nop                    
00000c11  GPIOPinTypeADC          
00000c23  GPIOPinTypeUART         
00000c35  ADCSequenceEnable       
00000c43  __TI_decompress_none    
00000c51  __TI_zero_init          
00000c5d  ResetISR                
00000c69  ADCIntClear             
00000c73  SysCtlDelay             
00000c79  __TI_decompress_rle24   
00000c7f  _system_pre_init        
00000d90  __TI_Handler_Table_Base 
00000d9c  __TI_Handler_Table_Limit
00000da8  __TI_CINIT_Base         
00000db8  __TI_CINIT_Limit        
20000000  __stack                 
20000200  __STACK_END             
20000200  __STACK_TOP             
20000200  _lock                   
20000204  _unlock                 
20000208  __TI_cleanup_ptr        
2000020c  __TI_dtors_ptr          
20000210  main_func_sp            
20000214  adcRead                 
ffffffff  __binit__               
ffffffff  __c_args__              
ffffffff  binit                   
UNDEFED   SHT$$INIT_ARRAY$$Base   
UNDEFED   SHT$$INIT_ARRAY$$Limit  

[67 symbols]
